Archive member included to satisfy reference by file (symbol)

/opt/soft/intelFPGA_lite/20.1/nios2eds/bin/gnu/H-x86_64-pc-linux-gnu/bin/../lib/gcc/nios2-elf/10.1.1/../../../../../H-x86_64-pc-linux-gnu/nios2-elf/lib/pg/libc.a(lib_a-exit.o)
                              obj/default/simple.o (exit)
/opt/soft/intelFPGA_lite/20.1/nios2eds/bin/gnu/H-x86_64-pc-linux-gnu/bin/../lib/gcc/nios2-elf/10.1.1/../../../../../H-x86_64-pc-linux-gnu/nios2-elf/lib/pg/libc.a(lib_a-impure.o)
                              /opt/soft/intelFPGA_lite/20.1/nios2eds/bin/gnu/H-x86_64-pc-linux-gnu/bin/../lib/gcc/nios2-elf/10.1.1/../../../../../H-x86_64-pc-linux-gnu/nios2-elf/lib/pg/libc.a(lib_a-exit.o) (_global_impure_ptr)
/opt/soft/intelFPGA_lite/20.1/nios2eds/bin/gnu/H-x86_64-pc-linux-gnu/bin/../lib/gcc/nios2-elf/10.1.1/../../../../../H-x86_64-pc-linux-gnu/nios2-elf/lib/pg/libc.a(lib_a-memcpy.o)
                              obj/default/simple.o (memcpy)
/opt/soft/intelFPGA_lite/20.1/nios2eds/bin/gnu/H-x86_64-pc-linux-gnu/bin/../lib/gcc/nios2-elf/10.1.1/../../../../../H-x86_64-pc-linux-gnu/nios2-elf/lib/pg/libc.a(lib_a-printf.o)
                              obj/default/simple.o (printf)
/opt/soft/intelFPGA_lite/20.1/nios2eds/bin/gnu/H-x86_64-pc-linux-gnu/bin/../lib/gcc/nios2-elf/10.1.1/../../../../../H-x86_64-pc-linux-gnu/nios2-elf/lib/pg/libc.a(lib_a-puts.o)
                              obj/default/simple.o (puts)
/opt/soft/intelFPGA_lite/20.1/nios2eds/bin/gnu/H-x86_64-pc-linux-gnu/bin/../lib/gcc/nios2-elf/10.1.1/../../../../../H-x86_64-pc-linux-gnu/nios2-elf/lib/pg/libc.a(lib_a-strlen.o)
                              /opt/soft/intelFPGA_lite/20.1/nios2eds/bin/gnu/H-x86_64-pc-linux-gnu/bin/../lib/gcc/nios2-elf/10.1.1/../../../../../H-x86_64-pc-linux-gnu/nios2-elf/lib/pg/libc.a(lib_a-puts.o) (strlen)
/opt/soft/intelFPGA_lite/20.1/nios2eds/bin/gnu/H-x86_64-pc-linux-gnu/bin/../lib/gcc/nios2-elf/10.1.1/../../../../../H-x86_64-pc-linux-gnu/nios2-elf/lib/pg/libc.a(lib_a-vfprintf.o)
                              /opt/soft/intelFPGA_lite/20.1/nios2eds/bin/gnu/H-x86_64-pc-linux-gnu/bin/../lib/gcc/nios2-elf/10.1.1/../../../../../H-x86_64-pc-linux-gnu/nios2-elf/lib/pg/libc.a(lib_a-printf.o) (___vfprintf_internal_r)
/opt/soft/intelFPGA_lite/20.1/nios2eds/bin/gnu/H-x86_64-pc-linux-gnu/bin/../lib/gcc/nios2-elf/10.1.1/../../../../../H-x86_64-pc-linux-gnu/nios2-elf/lib/pg/libc.a(lib_a-wsetup.o)
                              /opt/soft/intelFPGA_lite/20.1/nios2eds/bin/gnu/H-x86_64-pc-linux-gnu/bin/../lib/gcc/nios2-elf/10.1.1/../../../../../H-x86_64-pc-linux-gnu/nios2-elf/lib/pg/libc.a(lib_a-vfprintf.o) (__swsetup_r)
/opt/soft/intelFPGA_lite/20.1/nios2eds/bin/gnu/H-x86_64-pc-linux-gnu/bin/../lib/gcc/nios2-elf/10.1.1/../../../../../H-x86_64-pc-linux-gnu/nios2-elf/lib/pg/libc.a(lib_a-__call_atexit.o)
                              /opt/soft/intelFPGA_lite/20.1/nios2eds/bin/gnu/H-x86_64-pc-linux-gnu/bin/../lib/gcc/nios2-elf/10.1.1/../../../../../H-x86_64-pc-linux-gnu/nios2-elf/lib/pg/libc.a(lib_a-exit.o) (__call_exitprocs)
/opt/soft/intelFPGA_lite/20.1/nios2eds/bin/gnu/H-x86_64-pc-linux-gnu/bin/../lib/gcc/nios2-elf/10.1.1/../../../../../H-x86_64-pc-linux-gnu/nios2-elf/lib/pg/libc.a(lib_a-dtoa.o)
                              /opt/soft/intelFPGA_lite/20.1/nios2eds/bin/gnu/H-x86_64-pc-linux-gnu/bin/../lib/gcc/nios2-elf/10.1.1/../../../../../H-x86_64-pc-linux-gnu/nios2-elf/lib/pg/libc.a(lib_a-vfprintf.o) (_dtoa_r)
/opt/soft/intelFPGA_lite/20.1/nios2eds/bin/gnu/H-x86_64-pc-linux-gnu/bin/../lib/gcc/nios2-elf/10.1.1/../../../../../H-x86_64-pc-linux-gnu/nios2-elf/lib/pg/libc.a(lib_a-fflush.o)
                              /opt/soft/intelFPGA_lite/20.1/nios2eds/bin/gnu/H-x86_64-pc-linux-gnu/bin/../lib/gcc/nios2-elf/10.1.1/../../../../../H-x86_64-pc-linux-gnu/nios2-elf/lib/pg/libc.a(lib_a-vfprintf.o) (_fflush_r)
/opt/soft/intelFPGA_lite/20.1/nios2eds/bin/gnu/H-x86_64-pc-linux-gnu/bin/../lib/gcc/nios2-elf/10.1.1/../../../../../H-x86_64-pc-linux-gnu/nios2-elf/lib/pg/libc.a(lib_a-findfp.o)
                              /opt/soft/intelFPGA_lite/20.1/nios2eds/bin/gnu/H-x86_64-pc-linux-gnu/bin/../lib/gcc/nios2-elf/10.1.1/../../../../../H-x86_64-pc-linux-gnu/nios2-elf/lib/pg/libc.a(lib_a-puts.o) (__sinit)
/opt/soft/intelFPGA_lite/20.1/nios2eds/bin/gnu/H-x86_64-pc-linux-gnu/bin/../lib/gcc/nios2-elf/10.1.1/../../../../../H-x86_64-pc-linux-gnu/nios2-elf/lib/pg/libc.a(lib_a-freer.o)
                              /opt/soft/intelFPGA_lite/20.1/nios2eds/bin/gnu/H-x86_64-pc-linux-gnu/bin/../lib/gcc/nios2-elf/10.1.1/../../../../../H-x86_64-pc-linux-gnu/nios2-elf/lib/pg/libc.a(lib_a-wsetup.o) (_free_r)
/opt/soft/intelFPGA_lite/20.1/nios2eds/bin/gnu/H-x86_64-pc-linux-gnu/bin/../lib/gcc/nios2-elf/10.1.1/../../../../../H-x86_64-pc-linux-gnu/nios2-elf/lib/pg/libc.a(lib_a-fvwrite.o)
[...]
Memory Configuration

Name             Origin             Length             Attributes
reset            0x0000000000000000 0x0000000000000020
sdram            0x0000000000000020 0x0000000007ffffe0
instruction_tcm  0x0000000010000000 0x0000000000004000
*default*        0x0000000000000000 0xffffffffffffffff

Linker script and memory map

LOAD ../niosII_training_bsp//obj/HAL/src/crt0.o
LOAD obj/default/.metadata/.plugins/org.eclipse.cdt.make.core/specs.o
LOAD obj/default/simple.o
LOAD obj/default/.metadata/.plugins/org.eclipse.cdt.make.core/specs.o
LOAD /opt/soft/intelFPGA_lite/20.1/nios2eds/bin/gnu/H-x86_64-pc-linux-gnu/bin/../lib/gcc/nios2-elf/10.1.1/../../../../../H-x86_64-pc-linux-gnu/nios2-elf/lib/pg/libstdc++.a
LOAD /opt/soft/intelFPGA_lite/20.1/nios2eds/bin/gnu/H-x86_64-pc-linux-gnu/bin/../lib/gcc/nios2-elf/10.1.1/../../../../../H-x86_64-pc-linux-gnu/nios2-elf/lib/pg/libm.a
LOAD /opt/soft/intelFPGA_lite/20.1/nios2eds/bin/gnu/H-x86_64-pc-linux-gnu/bin/../lib/gcc/nios2-elf/10.1.1/pg/libgcc.a
START GROUP
LOAD /opt/soft/intelFPGA_lite/20.1/nios2eds/bin/gnu/H-x86_64-pc-linux-gnu/bin/../lib/gcc/nios2-elf/10.1.1/../../../../../H-x86_64-pc-linux-gnu/nios2-elf/lib/pg/libc.a
LOAD /opt/soft/intelFPGA_lite/20.1/nios2eds/bin/gnu/H-x86_64-pc-linux-gnu/bin/../lib/gcc/nios2-elf/10.1.1/pg/libgcc.a
LOAD ../niosII_training_bsp//libhal_bsp.a
LOAD /opt/soft/intelFPGA_lite/20.1/nios2eds/bin/gnu/H-x86_64-pc-linux-gnu/bin/../lib/gcc/nios2-elf/10.1.1/../../../../../H-x86_64-pc-linux-gnu/nios2-elf/lib/pg/libm.a
END GROUP
LOAD /opt/soft/intelFPGA_lite/20.1/nios2eds/bin/gnu/H-x86_64-pc-linux-gnu/bin/../lib/gcc/nios2-elf/10.1.1/pg/libgcc.a
                0x0000000000000000                __alt_mem_sdram = 0x0
                0x0000000010000000                __alt_mem_instruction_tcm = 0x10000000

.entry          0x0000000000000000        0x0
 *(.entry)
 .entry         0x0000000000000000        0x0 ../niosII_training_bsp//obj/HAL/src/crt0.o
                0x0000000000000000                __reset

.exceptions     0x0000000000000020      0x188
                [!provide]                        PROVIDE (__ram_exceptions_start = ABSOLUTE (.))
                0x0000000000000020                . = ALIGN (0x20)
 *(.irq)
 *(.exceptions.entry.label)
 .exceptions.entry.label
                0x0000000000000020        0x0 ../niosII_training_bsp//libhal_bsp.a(alt_irq_entry.o)
                0x0000000000000020                alt_irq_entry
 .exceptions.entry.label
                0x0000000000000020        0x0 ../niosII_training_bsp//libhal_bsp.a(alt_exception_entry.o)
                0x0000000000000020                alt_exception
 *(.exceptions.entry.user)
 *(.exceptions.entry.ecc_fatal)
 *(.exceptions.entry)
 .exceptions.entry
                0x0000000000000020       0x54 ../niosII_training_bsp//libhal_bsp.a(alt_exception_entry.o)
 *(.exceptions.irqtest.user)
 *(.exceptions.irqtest)
 .exceptions.irqtest
                0x0000000000000074       0x10 ../niosII_training_bsp//libhal_bsp.a(alt_irq_entry.o)
 *(.exceptions.irqhandler.user)
 *(.exceptions.irqhandler)
 .exceptions.irqhandler
                0x0000000000000084        0x4 ../niosII_training_bsp//libhal_bsp.a(alt_irq_entry.o)
 *(.exceptions.irqreturn.user)
 *(.exceptions.irqreturn)
 .exceptions.irqreturn
                0x0000000000000088        0x4 ../niosII_training_bsp//libhal_bsp.a(alt_irq_entry.o)
 *(.exceptions.notirq.label)
 .exceptions.notirq.label
                0x000000000000008c        0x0 ../niosII_training_bsp//libhal_bsp.a(alt_irq_entry.o)
 *(.exceptions.notirq.user)
 *(.exceptions.notirq)
 .exceptions.notirq
                0x000000000000008c        0x8 ../niosII_training_bsp//libhal_bsp.a(alt_exception_entry.o)
 *(.exceptions.soft.user)
 *(.exceptions.soft)
 *(.exceptions.unknown.user)
 *(.exceptions.unknown)
 .exceptions.unknown
                0x0000000000000094       0x14 ../niosII_training_bsp//libhal_bsp.a(alt_exception_entry.o)
 *(.exceptions.exit.label)
 .exceptions.exit.label
                0x00000000000000a8        0x0 ../niosII_training_bsp//libhal_bsp.a(alt_irq_entry.o)
 .exceptions.exit.label
                0x00000000000000a8        0x0 ../niosII_training_bsp//libhal_bsp.a(alt_exception_entry.o)
 *(.exceptions.exit.user)
 *(.exceptions.exit)
 .exceptions.exit
                0x00000000000000a8       0x54 ../niosII_training_bsp//libhal_bsp.a(alt_exception_entry.o)
 *(.exceptions)
 .exceptions    0x00000000000000fc       0x74 ../niosII_training_bsp//libhal_bsp.a(alt_irq_handler.o)
                0x00000000000000fc                alt_irq_handler
 .exceptions    0x0000000000000170       0x38 ../niosII_training_bsp//libhal_bsp.a(alt_instruction_exception_entry.o)
                0x0000000000000170                alt_instruction_exception_entry
                [!provide]                        PROVIDE (__ram_exceptions_end = ABSOLUTE (.))
                [!provide]                        PROVIDE (__flash_exceptions_start = LOADADDR (.exceptions))

.interrupt_handler_section
                0x0000000010000000       0x40
                [!provide]                        PROVIDE (_alt_partition_interrupt_handler_section_start = ABSOLUTE (.))
 *(.interrupt_handler_section .interrupt_handler_section.*)
 .interrupt_handler_section
                0x0000000010000000       0x34 obj/default/simple.o
 .interrupt_handler_section.stub
                0x0000000010000034        0xc linker stubs
                0x0000000010000040                . = ALIGN (0x4)
                [!provide]                        PROVIDE (_alt_partition_interrupt_handler_section_end = ABSOLUTE (.))

.text           0x00000000000001a8     0xf664
                0x00000000000001a8                PROVIDE (stext = ABSOLUTE (.))
 *(.interp)
 *(.hash)
 *(.dynsym)
 *(.dynstr)
 *(.gnu.version)
 *(.gnu.version_d)
 *(.gnu.version_r)
 *(.rel.init)
 *(.rela.init)
 *(.rel.text .rel.text.* .rel.gnu.linkonce.t.*)
 *(.rela.text .rela.text.* .rela.gnu.linkonce.t.*)
 *(.rel.fini)
 *(.rela.fini)
 *(.rel.rodata .rel.rodata.* .rel.gnu.linkonce.r.*)
 *(.rela.rodata .rela.rodata.* .rela.gnu.linkonce.r.*)
 *(.rel.data .rel.data.* .rel.gnu.linkonce.d.*)
 *(.rela.data .rela.data.* .rela.gnu.linkonce.d.*)
 *(.rel.tdata .rel.tdata.* .rel.gnu.linkonce.td.*)
 *(.rela.tdata .rela.tdata.* .rela.gnu.linkonce.td.*)
 *(.rel.tbss .rel.tbss.* .rel.gnu.linkonce.tb.*)
 *(.rela.tbss .rela.tbss.* .rela.gnu.linkonce.tb.*)
 *(.rel.ctors)
 *(.rela.ctors)
 *(.rel.dtors)
 *(.rela.dtors)
 *(.rel.got)
 *(.rela.got)
 *(.rel.sdata .rel.sdata.* .rel.gnu.linkonce.s.*)
 *(.rela.sdata .rela.sdata.* .rela.gnu.linkonce.s.*)
 *(.rel.sbss .rel.sbss.* .rel.gnu.linkonce.sb.*)
 *(.rela.sbss .rela.sbss.* .rela.gnu.linkonce.sb.*)
 *(.rel.sdata2 .rel.sdata2.* .rel.gnu.linkonce.s2.*)
 *(.rela.sdata2 .rela.sdata2.* .rela.gnu.linkonce.s2.*)
 *(.rel.sbss2 .rel.sbss2.* .rel.gnu.linkonce.sb2.*)
 *(.rela.sbss2 .rela.sbss2.* .rela.gnu.linkonce.sb2.*)
 *(.rel.bss .rel.bss.* .rel.gnu.linkonce.b.*)
 *(.rela.bss .rela.bss.* .rela.gnu.linkonce.b.*)
 *(.rel.plt)
 *(.rela.plt)
 *(.rel.dyn)
 *(.init)
 *(.plt)
 *(.text .stub .text.* .gnu.linkonce.t.*)
 .text          0x00000000000001a8       0x48 ../niosII_training_bsp//obj/HAL/src/crt0.o
                0x00000000000001a8                _start
 .text          0x00000000000001f0        0x0 obj/default/.metadata/.plugins/org.eclipse.cdt.make.core/specs.o
 .text          0x00000000000001f0      0x108 obj/default/simple.o
                0x00000000000001f0                same_adjacent
                0x0000000000000238                same_adjacent4x
 .text.startup  0x00000000000002f8      0x1b4 obj/default/simple.o
                0x00000000000002f8                main
 .text          0x00000000000004ac        0x0 obj/default/.metadata/.plugins/org.eclipse.cdt.make.core/specs.o
 .text          0x00000000000004ac        0x0 /opt/soft/intelFPGA_lite/20.1/nios2eds/bin/gnu/H-x86_64-pc-linux-gnu/bin/../lib/gcc/nios2-elf/10.1.1/../../../../../H-x86_64-pc-linux-gnu/nios2-elf/lib/pg/libc.a(lib_a-exit.o)
 .text.exit     0x00000000000004ac       0x40 /opt/soft/intelFPGA_lite/20.1/nios2eds/bin/gnu/H-x86_64-pc-linux-gnu/bin/../lib/gcc/nios2-elf/10.1.1/../../../../../H-x86_64-pc-linux-gnu/nios2-elf/lib/pg/libc.a(lib_a-exit.o)
                0x00000000000004ac                exit
 .text          0x00000000000004ec        0x0 /opt/soft/intelFPGA_lite/20.1/nios2eds/bin/gnu/H-x86_64-pc-linux-gnu/bin/../lib/gcc/nios2-elf/10.1.1/../../../../../H-x86_64-pc-linux-gnu/nios2-elf/lib/pg/libc.a(lib_a-impure.o)
 .text          0x00000000000004ec        0x0 /opt/soft/intelFPGA_lite/20.1/nios2eds/bin/gnu/H-x86_64-pc-linux-gnu/bin/../lib/gcc/nios2-elf/10.1.1/../../../../../H-x86_64-pc-linux-gnu/nios2-elf/lib/pg/libc.a(lib_a-memcpy.o)
 .text.memcpy   0x00000000000004ec      0x10c /opt/soft/intelFPGA_lite/20.1/nios2eds/bin/gnu/H-x86_64-pc-linux-gnu/bin/../lib/gcc/nios2-elf/10.1.1/../../../../../H-x86_64-pc-linux-gnu/nios2-elf/lib/pg/libc.a(lib_a-memcpy.o)
                0x00000000000004ec                memcpy
 .text          0x00000000000005f8        0x0 /opt/soft/intelFPGA_lite/20.1/nios2eds/bin/gnu/H-x86_64-pc-linux-gnu/bin/../lib/gcc/nios2-elf/10.1.1/../../../../../H-x86_64-pc-linux-gnu/nios2-elf/lib/pg/libc.a(lib_a-printf.o)
 .text._printf_r
                0x00000000000005f8       0x3c /opt/soft/intelFPGA_lite/20.1/nios2eds/bin/gnu/H-x86_64-pc-linux-gnu/bin/../lib/gcc/nios2-elf/10.1.1/../../../../../H-x86_64-pc-linux-gnu/nios2-elf/lib/pg/libc.a(lib_a-printf.o)
                0x00000000000005f8                _printf_r
 .text.printf   0x0000000000000634       0x44 /opt/soft/intelFPGA_lite/20.1/nios2eds/bin/gnu/H-x86_64-pc-linux-gnu/bin/../lib/gcc/nios2-elf/10.1.1/../../../../../H-x86_64-pc-linux-gnu/nios2-elf/lib/pg/libc.a(lib_a-printf.o)
                0x0000000000000634                printf
 .text          0x0000000000000678        0x0 /opt/soft/intelFPGA_lite/20.1/nios2eds/bin/gnu/H-x86_64-pc-linux-gnu/bin/../lib/gcc/nios2-elf/10.1.1/../../../../../H-x86_64-pc-linux-gnu/nios2-elf/lib/pg/libc.a(lib_a-puts.o)
 .text._puts_r  0x0000000000000678       0xd8 /opt/soft/intelFPGA_lite/20.1/nios2eds/bin/gnu/H-x86_64-pc-linux-gnu/bin/../lib/gcc/nios2-elf/10.1.1/../../../../../H-x86_64-pc-linux-gnu/nios2-elf/lib/pg/libc.a(lib_a-puts.o)
                0x0000000000000678                _puts_r
 .text.puts     0x0000000000000750       0x1c /opt/soft/intelFPGA_lite/20.1/nios2eds/bin/gnu/H-x86_64-pc-linux-gnu/bin/../lib/gcc/nios2-elf/10.1.1/../../../../../H-x86_64-pc-linux-gnu/nios2-elf/lib/pg/libc.a(lib_a-puts.o)
                0x0000000000000750                puts
 .text          0x000000000000076c        0x0 /opt/soft/intelFPGA_lite/20.1/nios2eds/bin/gnu/H-x86_64-pc-linux-gnu/bin/../lib/gcc/nios2-elf/10.1.1/../../../../../H-x86_64-pc-linux-gnu/nios2-elf/lib/pg/libc.a(lib_a-strlen.o)
 .text.strlen   0x000000000000076c       0xa4 /opt/soft/intelFPGA_lite/20.1/nios2eds/bin/gnu/H-x86_64-pc-linux-gnu/bin/../lib/gcc/nios2-elf/10.1.1/../../../../../H-x86_64-pc-linux-gnu/nios2-elf/lib/pg/libc.a(lib_a-strlen.o)
                0x000000000000076c                strlen
 .text          0x0000000000000810        0x0 /opt/soft/intelFPGA_lite/20.1/nios2eds/bin/gnu/H-x86_64-pc-linux-gnu/bin/../lib/gcc/nios2-elf/10.1.1/../../../../../H-x86_64-pc-linux-gnu/nios2-elf/lib/pg/libc.a(lib_a-vfprintf.o)
 .text.___vfprintf_internal_r
                0x0000000000000810     0x2100 /opt/soft/intelFPGA_lite/20.1/nios2eds/bin/gnu/H-x86_64-pc-linux-gnu/bin/../lib/gcc/nios2-elf/10.1.1/../../../../../H-x86_64-pc-linux-gnu/nios2-elf/lib/pg/libc.a(lib_a-vfprintf.o)
                0x0000000000000810                ___vfprintf_internal_r
 .text.__vfprintf_internal
                0x0000000000002910       0x28 /opt/soft/intelFPGA_lite/20.1/nios2eds/bin/gnu/H-x86_64-pc-linux-gnu/bin/../lib/gcc/nios2-elf/10.1.1/../../../../../H-x86_64-pc-linux-gnu/nios2-elf/lib/pg/libc.a(lib_a-vfprintf.o)
                0x0000000000002910                __vfprintf_internal
 .text.__sbprintf
                0x0000000000002938       0xcc /opt/soft/intelFPGA_lite/20.1/nios2eds/bin/gnu/H-x86_64-pc-linux-gnu/bin/../lib/gcc/nios2-elf/10.1.1/../../../../../H-x86_64-pc-linux-gnu/nios2-elf/lib/pg/libc.a(lib_a-vfprintf.o)
 .text          0x0000000000002a04        0x0 /opt/soft/intelFPGA_lite/20.1/nios2eds/bin/gnu/H-x86_64-pc-linux-gnu/bin/../lib/gcc/nios2-elf/10.1.1/../../../../../H-x86_64-pc-linux-gnu/nios2-elf/lib/pg/libc.a(lib_a-wsetup.o)
 .text.__swsetup_r
                0x0000000000002a04      0x170 /opt/soft/intelFPGA_lite/20.1/nios2eds/bin/gnu/H-x86_64-pc-linux-gnu/bin/../lib/gcc/nios2-elf/10.1.1/../../../../../H-x86_64-pc-linux-gnu/nios2-elf/lib/pg/libc.a(lib_a-wsetup.o)
                0x0000000000002a04                __swsetup_r
 .text          0x0000000000002b74        0x0 /opt/soft/intelFPGA_lite/20.1/nios2eds/bin/gnu/H-x86_64-pc-linux-gnu/bin/../lib/gcc/nios2-elf/10.1.1/../../../../../H-x86_64-pc-linux-gnu/nios2-elf/lib/pg/libc.a(lib_a-__call_atexit.o)
 .text.__call_exitprocs
                0x0000000000002b74      0x12c /opt/soft/intelFPGA_lite/20.1/nios2eds/bin/gnu/H-x86_64-pc-linux-gnu/bin/../lib/gcc/nios2-elf/10.1.1/../../../../../H-x86_64-pc-linux-gnu/nios2-elf/lib/pg/libc.a(lib_a-__call_atexit.o)
                0x0000000000002b74                __call_exitprocs
 .text          0x0000000000002ca0        0x0 /opt/soft/intelFPGA_lite/20.1/nios2eds/bin/gnu/H-x86_64-pc-linux-gnu/bin/../lib/gcc/nios2-elf/10.1.1/../../../../../H-x86_64-pc-linux-gnu/nios2-elf/lib/pg/libc.a(lib_a-dtoa.o)
 .text.quorem   0x0000000000002ca0      0x208 /opt/soft/intelFPGA_lite/20.1/nios2eds/bin/gnu/H-x86_64-pc-linux-gnu/bin/../lib/gcc/nios2-elf/10.1.1/../../../../../H-x86_64-pc-linux-gnu/nios2-elf/lib/pg/libc.a(lib_a-dtoa.o)
 .text._dtoa_r  0x0000000000002ea8     0x1754 /opt/soft/intelFPGA_lite/20.1/nios2eds/bin/gnu/H-x86_64-pc-linux-gnu/bin/../lib/gcc/nios2-elf/10.1.1/../../../../../H-x86_64-pc-linux-gnu/nios2-elf/lib/pg/libc.a(lib_a-dtoa.o)
                0x0000000000002ea8                _dtoa_r
 .text          0x00000000000045fc        0x0 /opt/soft/intelFPGA_lite/20.1/nios2eds/bin/gnu/H-x86_64-pc-linux-gnu/bin/../lib/gcc/nios2-elf/10.1.1/../../../../../H-x86_64-pc-linux-gnu/nios2-elf/lib/pg/libc.a(lib_a-fflush.o)
 .text.__sflush_r
                0x00000000000045fc      0x234 /opt/soft/intelFPGA_lite/20.1/nios2eds/bin/gnu/H-x86_64-pc-linux-gnu/bin/../lib/gcc/nios2-elf/10.1.1/../../../../../H-x86_64-pc-linux-gnu/nios2-elf/lib/pg/libc.a(lib_a-fflush.o)
                0x00000000000045fc                __sflush_r
 .text._fflush_r
                0x0000000000004830       0x6c /opt/soft/intelFPGA_lite/20.1/nios2eds/bin/gnu/H-x86_64-pc-linux-gnu/bin/../lib/gcc/nios2-elf/10.1.1/../../../../../H-x86_64-pc-linux-gnu/nios2-elf/lib/pg/libc.a(lib_a-fflush.o)
                0x0000000000004830                _fflush_r
 .text.fflush   0x000000000000489c       0x90 /opt/soft/intelFPGA_lite/20.1/nios2eds/bin/gnu/H-x86_64-pc-linux-gnu/bin/../lib/gcc/nios2-elf/10.1.1/../../../../../H-x86_64-pc-linux-gnu/nios2-elf/lib/pg/libc.a(lib_a-fflush.o)
                0x000000000000489c                fflush
 .text          0x000000000000492c        0x0 /opt/soft/intelFPGA_lite/20.1/nios2eds/bin/gnu/H-x86_64-pc-linux-gnu/bin/../lib/gcc/nios2-elf/10.1.1/../../../../../H-x86_64-pc-linux-gnu/nios2-elf/lib/pg/libc.a(lib_a-findfp.o)
 .text.__fp_lock
                0x000000000000492c       0x14 /opt/soft/intelFPGA_lite/20.1/nios2eds/bin/gnu/H-x86_64-pc-linux-gnu/bin/../lib/gcc/nios2-elf/10.1.1/../../../../../H-x86_64-pc-linux-gnu/nios2-elf/lib/pg/libc.a(lib_a-findfp.o)
 .text._cleanup_r
                0x0000000000004940       0x18 /opt/soft/intelFPGA_lite/20.1/nios2eds/bin/gnu/H-x86_64-pc-linux-gnu/bin/../lib/gcc/nios2-elf/10.1.1/../../../../../H-x86_64-pc-linux-gnu/nios2-elf/lib/pg/libc.a(lib_a-findfp.o)
                0x0000000000004940                _cleanup_r
 .text.__fp_unlock
                0x0000000000004958       0x14 /opt/soft/intelFPGA_lite/20.1/nios2eds/bin/gnu/H-x86_64-pc-linux-gnu/bin/../lib/gcc/nios2-elf/10.1.1/../../../../../H-x86_64-pc-linux-gnu/nios2-elf/lib/pg/libc.a(lib_a-findfp.o)
 .text.__sinit.part.0
                0x000000000000496c      0x174 /opt/soft/intelFPGA_lite/20.1/nios2eds/bin/gnu/H-x86_64-pc-linux-gnu/bin/../lib/gcc/nios2-elf/10.1.1/../../../../../H-x86_64-pc-linux-gnu/nios2-elf/lib/pg/libc.a(lib_a-findfp.o)
 .text.__sfmoreglue
                0x0000000000004ae0       0x74 /opt/soft/intelFPGA_lite/20.1/nios2eds/bin/gnu/H-x86_64-pc-linux-gnu/bin/../lib/gcc/nios2-elf/10.1.1/../../../../../H-x86_64-pc-linux-gnu/nios2-elf/lib/pg/libc.a(lib_a-findfp.o)
                0x0000000000004ae0                __sfmoreglue
 .text.__sfp    0x0000000000004b54      0x160 /opt/soft/intelFPGA_lite/20.1/nios2eds/bin/gnu/H-x86_64-pc-linux-gnu/bin/../lib/gcc/nios2-elf/10.1.1/../../../../../H-x86_64-pc-linux-gnu/nios2-elf/lib/pg/libc.a(lib_a-findfp.o)
                0x0000000000004b54                __sfp
 .text._cleanup
                0x0000000000004cb4       0x20 /opt/soft/intelFPGA_lite/20.1/nios2eds/bin/gnu/H-x86_64-pc-linux-gnu/bin/../lib/gcc/nios2-elf/10.1.1/../../../../../H-x86_64-pc-linux-gnu/nios2-elf/lib/pg/libc.a(lib_a-findfp.o)
                0x0000000000004cb4                _cleanup
 .text.__sinit  0x0000000000004cd4       0x1c /opt/soft/intelFPGA_lite/20.1/nios2eds/bin/gnu/H-x86_64-pc-linux-gnu/bin/../lib/gcc/nios2-elf/10.1.1/../../../../../H-x86_64-pc-linux-gnu/nios2-elf/lib/pg/libc.a(lib_a-findfp.o)
                0x0000000000004cd4                __sinit
 .text.__sfp_lock_acquire
                0x0000000000004cf0       0x10 /opt/soft/intelFPGA_lite/20.1/nios2eds/bin/gnu/H-x86_64-pc-linux-gnu/bin/../lib/gcc/nios2-elf/10.1.1/../../../../../H-x86_64-pc-linux-gnu/nios2-elf/lib/pg/libc.a(lib_a-findfp.o)
                0x0000000000004cf0                __sfp_lock_acquire
 .text.__sfp_lock_release
                0x0000000000004d00       0x10 /opt/soft/intelFPGA_lite/20.1/nios2eds/bin/gnu/H-x86_64-pc-linux-gnu/bin/../lib/gcc/nios2-elf/10.1.1/../../../../../H-x86_64-pc-linux-gnu/nios2-elf/lib/pg/libc.a(lib_a-findfp.o)
                0x0000000000004d00                __sfp_lock_release
 .text.__sinit_lock_acquire
                0x0000000000004d10       0x10 /opt/soft/intelFPGA_lite/20.1/nios2eds/bin/gnu/H-x86_64-pc-linux-gnu/bin/../lib/gcc/nios2-elf/10.1.1/../../../../../H-x86_64-pc-linux-gnu/nios2-elf/lib/pg/libc.a(lib_a-findfp.o)
                0x0000000000004d10                __sinit_lock_acquire
 .text.__sinit_lock_release
                0x0000000000004d20       0x10 /opt/soft/intelFPGA_lite/20.1/nios2eds/bin/gnu/H-x86_64-pc-linux-gnu/bin/../lib/gcc/nios2-elf/10.1.1/../../../../../H-x86_64-pc-linux-gnu/nios2-elf/lib/pg/libc.a(lib_a-findfp.o)
                0x0000000000004d20                __sinit_lock_release
 .text.__fp_lock_all
                0x0000000000004d30       0x20 /opt/soft/intelFPGA_lite/20.1/nios2eds/bin/gnu/H-x86_64-pc-linux-gnu/bin/../lib/gcc/nios2-elf/10.1.1/../../../../../H-x86_64-pc-linux-gnu/nios2-elf/lib/pg/libc.a(lib_a-findfp.o)
                0x0000000000004d30                __fp_lock_all
 .text.__fp_unlock_all
                0x0000000000004d50       0x20 /opt/soft/intelFPGA_lite/20.1/nios2eds/bin/gnu/H-x86_64-pc-linux-gnu/bin/../lib/gcc/nios2-elf/10.1.1/../../../../../H-x86_64-pc-linux-gnu/nios2-elf/lib/pg/libc.a(lib_a-findfp.o)
                0x0000000000004d50                __fp_unlock_all
 .text          0x0000000000004d70        0x0 /opt/soft/intelFPGA_lite/20.1/nios2eds/bin/gnu/H-x86_64-pc-linux-gnu/bin/../lib/gcc/nios2-elf/10.1.1/../../../../../H-x86_64-pc-linux-gnu/nios2-elf/lib/pg/libc.a(lib_a-freer.o)
 .text._malloc_trim_r
                0x0000000000004d70      0x128 /opt/soft/intelFPGA_lite/20.1/nios2eds/bin/gnu/H-x86_64-pc-linux-gnu/bin/../lib/gcc/nios2-elf/10.1.1/../../../../../H-x86_64-pc-linux-gnu/nios2-elf/lib/pg/libc.a(lib_a-freer.o)
                0x0000000000004d70                _malloc_trim_r
 .text._free_r  0x0000000000004e98      0x308 /opt/soft/intelFPGA_lite/20.1/nios2eds/bin/gnu/H-x86_64-pc-linux-gnu/bin/../lib/gcc/nios2-elf/10.1.1/../../../../../H-x86_64-pc-linux-gnu/nios2-elf/lib/pg/libc.a(lib_a-freer.o)
                0x0000000000004e98                _free_r
 .text          0x00000000000051a0        0x0 /opt/soft/intelFPGA_lite/20.1/nios2eds/bin/gnu/H-x86_64-pc-linux-gnu/bin/../lib/gcc/nios2-elf/10.1.1/../../../../../H-x86_64-pc-linux-gnu/nios2-elf/lib/pg/libc.a(lib_a-fvwrite.o)
 .text.__sfvwrite_r
                0x00000000000051a0      0x4c4 /opt/soft/intelFPGA_lite/20.1/nios2eds/bin/gnu/H-x86_64-pc-linux-gnu/bin/../lib/gcc/nios2-elf/10.1.1/../../../../../H-x86_64-pc-linux-gnu/nios2-elf/lib/pg/libc.a(lib_a-fvwrite.o)
                0x00000000000051a0                __sfvwrite_r
 .text          0x0000000000005664        0x0 /opt/soft/intelFPGA_lite/20.1/nios2eds/bin/gnu/H-x86_64-pc-linux-gnu/bin/../lib/gcc/nios2-elf/10.1.1/../../../../../H-x86_64-pc-linux-gnu/nios2-elf/lib/pg/libc.a(lib_a-fwalk.o)
 .text._fwalk   0x0000000000005664       0xa4 /opt/soft/intelFPGA_lite/20.1/nios2eds/bin/gnu/H-x86_64-pc-linux-gnu/bin/../lib/gcc/nios2-elf/10.1.1/../../../../../H-x86_64-pc-linux-gnu/nios2-elf/lib/pg/libc.a(lib_a-fwalk.o)
                0x0000000000005664                _fwalk
 .text._fwalk_reent
                0x0000000000005708       0xb4 /opt/soft/intelFPGA_lite/20.1/nios2eds/bin/gnu/H-x86_64-pc-linux-gnu/bin/../lib/gcc/nios2-elf/10.1.1/../../../../../H-x86_64-pc-linux-gnu/nios2-elf/lib/pg/libc.a(lib_a-fwalk.o)
                0x0000000000005708                _fwalk_reent
 .text          0x00000000000057bc        0x0 /opt/soft/intelFPGA_lite/20.1/nios2eds/bin/gnu/H-x86_64-pc-linux-gnu/bin/../lib/gcc/nios2-elf/10.1.1/../../../../../H-x86_64-pc-linux-gnu/nios2-elf/lib/pg/libc.a(lib_a-localeconv.o)
 .text.__localeconv_l
                0x00000000000057bc       0x14 /opt/soft/intelFPGA_lite/20.1/nios2eds/bin/gnu/H-x86_64-pc-linux-gnu/bin/../lib/gcc/nios2-elf/10.1.1/../../../../../H-x86_64-pc-linux-gnu/nios2-elf/lib/pg/libc.a(lib_a-localeconv.o)
                0x00000000000057bc                __localeconv_l
 .text._localeconv_r
                0x00000000000057d0       0x18 /opt/soft/intelFPGA_lite/20.1/nios2eds/bin/gnu/H-x86_64-pc-linux-gnu/bin/../lib/gcc/nios2-elf/10.1.1/../../../../../H-x86_64-pc-linux-gnu/nios2-elf/lib/pg/libc.a(lib_a-localeconv.o)
                0x00000000000057d0                _localeconv_r
 .text.localeconv
                0x00000000000057e8       0x18 /opt/soft/intelFPGA_lite/20.1/nios2eds/bin/gnu/H-x86_64-pc-linux-gnu/bin/../lib/gcc/nios2-elf/10.1.1/../../../../../H-x86_64-pc-linux-gnu/nios2-elf/lib/pg/libc.a(lib_a-localeconv.o)
                0x00000000000057e8                localeconv
 .text          0x0000000000005800        0x0 /opt/soft/intelFPGA_lite/20.1/nios2eds/bin/gnu/H-x86_64-pc-linux-gnu/bin/../lib/gcc/nios2-elf/10.1.1/../../../../../H-x86_64-pc-linux-gnu/nios2-elf/lib/pg/libc.a(lib_a-makebuf.o)
 .text.__smakebuf_r
                0x0000000000005800      0x1bc /opt/soft/intelFPGA_lite/20.1/nios2eds/bin/gnu/H-x86_64-pc-linux-gnu/bin/../lib/gcc/nios2-elf/10.1.1/../../../../../H-x86_64-pc-linux-gnu/nios2-elf/lib/pg/libc.a(lib_a-makebuf.o)
                0x0000000000005800                __smakebuf_r
 .text.__swhatbuf_r
                0x00000000000059bc       0xa4 /opt/soft/intelFPGA_lite/20.1/nios2eds/bin/gnu/H-x86_64-pc-linux-gnu/bin/../lib/gcc/nios2-elf/10.1.1/../../../../../H-x86_64-pc-linux-gnu/nios2-elf/lib/pg/libc.a(lib_a-makebuf.o)
                0x00000000000059bc                __swhatbuf_r
 .text          0x0000000000005a60        0x0 /opt/soft/intelFPGA_lite/20.1/nios2eds/bin/gnu/H-x86_64-pc-linux-gnu/bin/../lib/gcc/nios2-elf/10.1.1/../../../../../H-x86_64-pc-linux-gnu/nios2-elf/lib/pg/libc.a(lib_a-mallocr.o)
 .text._malloc_r
                0x0000000000005a60      0x7ec /opt/soft/intelFPGA_lite/20.1/nios2eds/bin/gnu/H-x86_64-pc-linux-gnu/bin/../lib/gcc/nios2-elf/10.1.1/../../../../../H-x86_64-pc-linux-gnu/nios2-elf/lib/pg/libc.a(lib_a-mallocr.o)
                0x0000000000005a60                _malloc_r
 .text          0x000000000000624c        0x0 /opt/soft/intelFPGA_lite/20.1/nios2eds/bin/gnu/H-x86_64-pc-linux-gnu/bin/../lib/gcc/nios2-elf/10.1.1/../../../../../H-x86_64-pc-linux-gnu/nios2-elf/lib/pg/libc.a(lib_a-memchr.o)
 .text.memchr   0x000000000000624c       0xd8 /opt/soft/intelFPGA_lite/20.1/nios2eds/bin/gnu/H-x86_64-pc-linux-gnu/bin/../lib/gcc/nios2-elf/10.1.1/../../../../../H-x86_64-pc-linux-gnu/nios2-elf/lib/pg/libc.a(lib_a-memchr.o)
                0x000000000000624c                memchr
 .text          0x0000000000006324        0x0 /opt/soft/intelFPGA_lite/20.1/nios2eds/bin/gnu/H-x86_64-pc-linux-gnu/bin/../lib/gcc/nios2-elf/10.1.1/../../../../../H-x86_64-pc-linux-gnu/nios2-elf/lib/pg/libc.a(lib_a-memmove.o)
 .text.memmove  0x0000000000006324      0x130 /opt/soft/intelFPGA_lite/20.1/nios2eds/bin/gnu/H-x86_64-pc-linux-gnu/bin/../lib/gcc/nios2-elf/10.1.1/../../../../../H-x86_64-pc-linux-gnu/nios2-elf/lib/pg/libc.a(lib_a-memmove.o)
                0x0000000000006324                memmove
 .text          0x0000000000006454        0x0 /opt/soft/intelFPGA_lite/20.1/nios2eds/bin/gnu/H-x86_64-pc-linux-gnu/bin/../lib/gcc/nios2-elf/10.1.1/../../../../../H-x86_64-pc-linux-gnu/nios2-elf/lib/pg/libc.a(lib_a-memset.o)
 .text.memset   0x0000000000006454       0xfc /opt/soft/intelFPGA_lite/20.1/nios2eds/bin/gnu/H-x86_64-pc-linux-gnu/bin/../lib/gcc/nios2-elf/10.1.1/../../../../../H-x86_64-pc-linux-gnu/nios2-elf/lib/pg/libc.a(lib_a-memset.o)
                0x0000000000006454                memset
 .text          0x0000000000006550        0x0 /opt/soft/intelFPGA_lite/20.1/nios2eds/bin/gnu/H-x86_64-pc-linux-gnu/bin/../lib/gcc/nios2-elf/10.1.1/../../../../../H-x86_64-pc-linux-gnu/nios2-elf/lib/pg/libc.a(lib_a-mprec.o)
 .text._Balloc  0x0000000000006550       0xb0 /opt/soft/intelFPGA_lite/20.1/nios2eds/bin/gnu/H-x86_64-pc-linux-gnu/bin/../lib/gcc/nios2-elf/10.1.1/../../../../../H-x86_64-pc-linux-gnu/nios2-elf/lib/pg/libc.a(lib_a-mprec.o)
                0x0000000000006550                _Balloc
 .text._Bfree   0x0000000000006600       0x30 /opt/soft/intelFPGA_lite/20.1/nios2eds/bin/gnu/H-x86_64-pc-linux-gnu/bin/../lib/gcc/nios2-elf/10.1.1/../../../../../H-x86_64-pc-linux-gnu/nios2-elf/lib/pg/libc.a(lib_a-mprec.o)
                0x0000000000006600                _Bfree
 .text.__multadd
                0x0000000000006630      0x144 /opt/soft/intelFPGA_lite/20.1/nios2eds/bin/gnu/H-x86_64-pc-linux-gnu/bin/../lib/gcc/nios2-elf/10.1.1/../../../../../H-x86_64-pc-linux-gnu/nios2-elf/lib/pg/libc.a(lib_a-mprec.o)
                0x0000000000006630                __multadd
 .text.__s2b    0x0000000000006774      0x144 /opt/soft/intelFPGA_lite/20.1/nios2eds/bin/gnu/H-x86_64-pc-linux-gnu/bin/../lib/gcc/nios2-elf/10.1.1/../../../../../H-x86_64-pc-linux-gnu/nios2-elf/lib/pg/libc.a(lib_a-mprec.o)
                0x0000000000006774                __s2b
 .text.__hi0bits
                0x00000000000068b8       0x70 /opt/soft/intelFPGA_lite/20.1/nios2eds/bin/gnu/H-x86_64-pc-linux-gnu/bin/../lib/gcc/nios2-elf/10.1.1/../../../../../H-x86_64-pc-linux-gnu/nios2-elf/lib/pg/libc.a(lib_a-mprec.o)
                0x00000000000068b8                __hi0bits
 .text.__lo0bits
                0x0000000000006928       0xbc /opt/soft/intelFPGA_lite/20.1/nios2eds/bin/gnu/H-x86_64-pc-linux-gnu/bin/../lib/gcc/nios2-elf/10.1.1/../../../../../H-x86_64-pc-linux-gnu/nios2-elf/lib/pg/libc.a(lib_a-mprec.o)
                0x0000000000006928                __lo0bits
 .text.__i2b    0x00000000000069e4       0xbc /opt/soft/intelFPGA_lite/20.1/nios2eds/bin/gnu/H-x86_64-pc-linux-gnu/bin/../lib/gcc/nios2-elf/10.1.1/../../../../../H-x86_64-pc-linux-gnu/nios2-elf/lib/pg/libc.a(lib_a-mprec.o)
                0x00000000000069e4                __i2b
 .text.__multiply
                0x0000000000006aa0      0x260 /opt/soft/intelFPGA_lite/20.1/nios2eds/bin/gnu/H-x86_64-pc-linux-gnu/bin/../lib/gcc/nios2-elf/10.1.1/../../../../../H-x86_64-pc-linux-gnu/nios2-elf/lib/pg/libc.a(lib_a-mprec.o)
                0x0000000000006aa0                __multiply
 .text.__pow5mult
                0x0000000000006d00      0x154 /opt/soft/intelFPGA_lite/20.1/nios2eds/bin/gnu/H-x86_64-pc-linux-gnu/bin/../lib/gcc/nios2-elf/10.1.1/../../../../../H-x86_64-pc-linux-gnu/nios2-elf/lib/pg/libc.a(lib_a-mprec.o)
                0x0000000000006d00                __pow5mult
 .text.__lshift
                0x0000000000006e54      0x194 /opt/soft/intelFPGA_lite/20.1/nios2eds/bin/gnu/H-x86_64-pc-linux-gnu/bin/../lib/gcc/nios2-elf/10.1.1/../../../../../H-x86_64-pc-linux-gnu/nios2-elf/lib/pg/libc.a(lib_a-mprec.o)
                0x0000000000006e54                __lshift
 .text.__mcmp   0x0000000000006fe8       0x60 /opt/soft/intelFPGA_lite/20.1/nios2eds/bin/gnu/H-x86_64-pc-linux-gnu/bin/../lib/gcc/nios2-elf/10.1.1/../../../../../H-x86_64-pc-linux-gnu/nios2-elf/lib/pg/libc.a(lib_a-mprec.o)
                0x0000000000006fe8                __mcmp
 .text.__mdiff  0x0000000000007048      0x238 /opt/soft/intelFPGA_lite/20.1/nios2eds/bin/gnu/H-x86_64-pc-linux-gnu/bin/../lib/gcc/nios2-elf/10.1.1/../../../../../H-x86_64-pc-linux-gnu/nios2-elf/lib/pg/libc.a(lib_a-mprec.o)
                0x0000000000007048                __mdiff
 .text.__ulp    0x0000000000007280       0x64 /opt/soft/intelFPGA_lite/20.1/nios2eds/bin/gnu/H-x86_64-pc-linux-gnu/bin/../lib/gcc/nios2-elf/10.1.1/../../../../../H-x86_64-pc-linux-gnu/nios2-elf/lib/pg/libc.a(lib_a-mprec.o)
                0x0000000000007280                __ulp
 .text.__b2d    0x00000000000072e4      0x114 /opt/soft/intelFPGA_lite/20.1/nios2eds/bin/gnu/H-x86_64-pc-linux-gnu/bin/../lib/gcc/nios2-elf/10.1.1/../../../../../H-x86_64-pc-linux-gnu/nios2-elf/lib/pg/libc.a(lib_a-mprec.o)
                0x00000000000072e4                __b2d
 .text.__d2b    0x00000000000073f8      0x170 /opt/soft/intelFPGA_lite/20.1/nios2eds/bin/gnu/H-x86_64-pc-linux-gnu/bin/../lib/gcc/nios2-elf/10.1.1/../../../../../H-x86_64-pc-linux-gnu/nios2-elf/lib/pg/libc.a(lib_a-mprec.o)
                0x00000000000073f8                __d2b
 .text.__ratio  0x0000000000007568       0xb4 /opt/soft/intelFPGA_lite/20.1/nios2eds/bin/gnu/H-x86_64-pc-linux-gnu/bin/../lib/gcc/nios2-elf/10.1.1/../../../../../H-x86_64-pc-linux-gnu/nios2-elf/lib/pg/libc.a(lib_a-mprec.o)
                0x0000000000007568                __ratio
 .text._mprec_log10
                0x000000000000761c       0x7c /opt/soft/intelFPGA_lite/20.1/nios2eds/bin/gnu/H-x86_64-pc-linux-gnu/bin/../lib/gcc/nios2-elf/10.1.1/../../../../../H-x86_64-pc-linux-gnu/nios2-elf/lib/pg/libc.a(lib_a-mprec.o)
                0x000000000000761c                _mprec_log10
 .text.__copybits
                0x0000000000007698       0x88 /opt/soft/intelFPGA_lite/20.1/nios2eds/bin/gnu/H-x86_64-pc-linux-gnu/bin/../lib/gcc/nios2-elf/10.1.1/../../../../../H-x86_64-pc-linux-gnu/nios2-elf/lib/pg/libc.a(lib_a-mprec.o)
                0x0000000000007698                __copybits
 .text.__any_on
                0x0000000000007720       0x6c /opt/soft/intelFPGA_lite/20.1/nios2eds/bin/gnu/H-x86_64-pc-linux-gnu/bin/../lib/gcc/nios2-elf/10.1.1/../../../../../H-x86_64-pc-linux-gnu/nios2-elf/lib/pg/libc.a(lib_a-mprec.o)
                0x0000000000007720                __any_on
 .text          0x000000000000778c        0x0 /opt/soft/intelFPGA_lite/20.1/nios2eds/bin/gnu/H-x86_64-pc-linux-gnu/bin/../lib/gcc/nios2-elf/10.1.1/../../../../../H-x86_64-pc-linux-gnu/nios2-elf/lib/pg/libc.a(lib_a-reallocr.o)
 .text._realloc_r
                0x000000000000778c      0x570 /opt/soft/intelFPGA_lite/20.1/nios2eds/bin/gnu/H-x86_64-pc-linux-gnu/bin/../lib/gcc/nios2-elf/10.1.1/../../../../../H-x86_64-pc-linux-gnu/nios2-elf/lib/pg/libc.a(lib_a-reallocr.o)
                0x000000000000778c                _realloc_r
 .text          0x0000000000007cfc        0x0 /opt/soft/intelFPGA_lite/20.1/nios2eds/bin/gnu/H-x86_64-pc-linux-gnu/bin/../lib/gcc/nios2-elf/10.1.1/../../../../../H-x86_64-pc-linux-gnu/nios2-elf/lib/pg/libc.a(lib_a-sbrkr.o)
 .text._sbrk_r  0x0000000000007cfc       0x64 /opt/soft/intelFPGA_lite/20.1/nios2eds/bin/gnu/H-x86_64-pc-linux-gnu/bin/../lib/gcc/nios2-elf/10.1.1/../../../../../H-x86_64-pc-linux-gnu/nios2-elf/lib/pg/libc.a(lib_a-sbrkr.o)
                0x0000000000007cfc                _sbrk_r
 .text          0x0000000000007d60        0x0 /opt/soft/intelFPGA_lite/20.1/nios2eds/bin/gnu/H-x86_64-pc-linux-gnu/bin/../lib/gcc/nios2-elf/10.1.1/../../../../../H-x86_64-pc-linux-gnu/nios2-elf/lib/pg/libc.a(lib_a-stdio.o)
 .text.__sread  0x0000000000007d60       0x60 /opt/soft/intelFPGA_lite/20.1/nios2eds/bin/gnu/H-x86_64-pc-linux-gnu/bin/../lib/gcc/nios2-elf/10.1.1/../../../../../H-x86_64-pc-linux-gnu/nios2-elf/lib/pg/libc.a(lib_a-stdio.o)
                0x0000000000007d60                __sread
 .text.__seofread
                0x0000000000007dc0       0x14 /opt/soft/intelFPGA_lite/20.1/nios2eds/bin/gnu/H-x86_64-pc-linux-gnu/bin/../lib/gcc/nios2-elf/10.1.1/../../../../../H-x86_64-pc-linux-gnu/nios2-elf/lib/pg/libc.a(lib_a-stdio.o)
                0x0000000000007dc0                __seofread
 .text.__swrite
                0x0000000000007dd4       0x8c /opt/soft/intelFPGA_lite/20.1/nios2eds/bin/gnu/H-x86_64-pc-linux-gnu/bin/../lib/gcc/nios2-elf/10.1.1/../../../../../H-x86_64-pc-linux-gnu/nios2-elf/lib/pg/libc.a(lib_a-stdio.o)
                0x0000000000007dd4                __swrite
 .text.__sseek  0x0000000000007e60       0x68 /opt/soft/intelFPGA_lite/20.1/nios2eds/bin/gnu/H-x86_64-pc-linux-gnu/bin/../lib/gcc/nios2-elf/10.1.1/../../../../../H-x86_64-pc-linux-gnu/nios2-elf/lib/pg/libc.a(lib_a-stdio.o)
                0x0000000000007e60                __sseek
 .text.__sclose
                0x0000000000007ec8       0x14 /opt/soft/intelFPGA_lite/20.1/nios2eds/bin/gnu/H-x86_64-pc-linux-gnu/bin/../lib/gcc/nios2-elf/10.1.1/../../../../../H-x86_64-pc-linux-gnu/nios2-elf/lib/pg/libc.a(lib_a-stdio.o)
                0x0000000000007ec8                __sclose
 .text          0x0000000000007edc        0x0 /opt/soft/intelFPGA_lite/20.1/nios2eds/bin/gnu/H-x86_64-pc-linux-gnu/bin/../lib/gcc/nios2-elf/10.1.1/../../../../../H-x86_64-pc-linux-gnu/nios2-elf/lib/pg/libc.a(lib_a-vfiprintf.o)
 .text.__sprint_r.part.0
                0x0000000000007edc      0x100 /opt/soft/intelFPGA_lite/20.1/nios2eds/bin/gnu/H-x86_64-pc-linux-gnu/bin/../lib/gcc/nios2-elf/10.1.1/../../../../../H-x86_64-pc-linux-gnu/nios2-elf/lib/pg/libc.a(lib_a-vfiprintf.o)
 .text.__sprint_r
                0x0000000000007fdc       0x24 /opt/soft/intelFPGA_lite/20.1/nios2eds/bin/gnu/H-x86_64-pc-linux-gnu/bin/../lib/gcc/nios2-elf/10.1.1/../../../../../H-x86_64-pc-linux-gnu/nios2-elf/lib/pg/libc.a(lib_a-vfiprintf.o)
                0x0000000000007fdc                __sprint_r
 .text.___vfiprintf_internal_r
                0x0000000000008000     0x1340 /opt/soft/intelFPGA_lite/20.1/nios2eds/bin/gnu/H-x86_64-pc-linux-gnu/bin/../lib/gcc/nios2-elf/10.1.1/../../../../../H-x86_64-pc-linux-gnu/nios2-elf/lib/pg/libc.a(lib_a-vfiprintf.o)
                0x0000000000008000                ___vfiprintf_internal_r
 .text.__vfiprintf_internal
                0x0000000000009340       0x28 /opt/soft/intelFPGA_lite/20.1/nios2eds/bin/gnu/H-x86_64-pc-linux-gnu/bin/../lib/gcc/nios2-elf/10.1.1/../../../../../H-x86_64-pc-linux-gnu/nios2-elf/lib/pg/libc.a(lib_a-vfiprintf.o)
                0x0000000000009340                __vfiprintf_internal
 .text.__sbprintf
                0x0000000000009368       0xcc /opt/soft/intelFPGA_lite/20.1/nios2eds/bin/gnu/H-x86_64-pc-linux-gnu/bin/../lib/gcc/nios2-elf/10.1.1/../../../../../H-x86_64-pc-linux-gnu/nios2-elf/lib/pg/libc.a(lib_a-vfiprintf.o)
 .text          0x0000000000009434        0x0 /opt/soft/intelFPGA_lite/20.1/nios2eds/bin/gnu/H-x86_64-pc-linux-gnu/bin/../lib/gcc/nios2-elf/10.1.1/../../../../../H-x86_64-pc-linux-gnu/nios2-elf/lib/pg/libc.a(lib_a-writer.o)
 .text._write_r
                0x0000000000009434       0x70 /opt/soft/intelFPGA_lite/20.1/nios2eds/bin/gnu/H-x86_64-pc-linux-gnu/bin/../lib/gcc/nios2-elf/10.1.1/../../../../../H-x86_64-pc-linux-gnu/nios2-elf/lib/pg/libc.a(lib_a-writer.o)
                0x0000000000009434                _write_r
 .text          0x00000000000094a4        0x0 /opt/soft/intelFPGA_lite/20.1/nios2eds/bin/gnu/H-x86_64-pc-linux-gnu/bin/../lib/gcc/nios2-elf/10.1.1/../../../../../H-x86_64-pc-linux-gnu/nios2-elf/lib/pg/libc.a(closer.o)
 .text._close_r
                0x00000000000094a4       0x64 /opt/soft/intelFPGA_lite/20.1/nios2eds/bin/gnu/H-x86_64-pc-linux-gnu/bin/../lib/gcc/nios2-elf/10.1.1/../../../../../H-x86_64-pc-linux-gnu/nios2-elf/lib/pg/libc.a(closer.o)
                0x00000000000094a4                _close_r
 .text          0x0000000000009508        0x0 /opt/soft/intelFPGA_lite/20.1/nios2eds/bin/gnu/H-x86_64-pc-linux-gnu/bin/../lib/gcc/nios2-elf/10.1.1/../../../../../H-x86_64-pc-linux-gnu/nios2-elf/lib/pg/libc.a(lib_a-assert.o)
 .text.__assert_func
                0x0000000000009508       0x70 /opt/soft/intelFPGA_lite/20.1/nios2eds/bin/gnu/H-x86_64-pc-linux-gnu/bin/../lib/gcc/nios2-elf/10.1.1/../../../../../H-x86_64-pc-linux-gnu/nios2-elf/lib/pg/libc.a(lib_a-assert.o)
                0x0000000000009508                __assert_func
 .text.__assert
                0x0000000000009578       0x20 /opt/soft/intelFPGA_lite/20.1/nios2eds/bin/gnu/H-x86_64-pc-linux-gnu/bin/../lib/gcc/nios2-elf/10.1.1/../../../../../H-x86_64-pc-linux-gnu/nios2-elf/lib/pg/libc.a(lib_a-assert.o)
                0x0000000000009578                __assert
 .text          0x0000000000009598        0x0 /opt/soft/intelFPGA_lite/20.1/nios2eds/bin/gnu/H-x86_64-pc-linux-gnu/bin/../lib/gcc/nios2-elf/10.1.1/../../../../../H-x86_64-pc-linux-gnu/nios2-elf/lib/pg/libc.a(lib_a-callocr.o)
 .text._calloc_r
                0x0000000000009598       0xc0 /opt/soft/intelFPGA_lite/20.1/nios2eds/bin/gnu/H-x86_64-pc-linux-gnu/bin/../lib/gcc/nios2-elf/10.1.1/../../../../../H-x86_64-pc-linux-gnu/nios2-elf/lib/pg/libc.a(lib_a-callocr.o)
                0x0000000000009598                _calloc_r
 .text          0x0000000000009658        0x0 /opt/soft/intelFPGA_lite/20.1/nios2eds/bin/gnu/H-x86_64-pc-linux-gnu/bin/../lib/gcc/nios2-elf/10.1.1/../../../../../H-x86_64-pc-linux-gnu/nios2-elf/lib/pg/libc.a(lib_a-fclose.o)
 .text._fclose_r.part.0
                0x0000000000009658       0xcc /opt/soft/intelFPGA_lite/20.1/nios2eds/bin/gnu/H-x86_64-pc-linux-gnu/bin/../lib/gcc/nios2-elf/10.1.1/../../../../../H-x86_64-pc-linux-gnu/nios2-elf/lib/pg/libc.a(lib_a-fclose.o)
 .text._fclose_r
                0x0000000000009724       0x7c /opt/soft/intelFPGA_lite/20.1/nios2eds/bin/gnu/H-x86_64-pc-linux-gnu/bin/../lib/gcc/nios2-elf/10.1.1/../../../../../H-x86_64-pc-linux-gnu/nios2-elf/lib/pg/libc.a(lib_a-fclose.o)
                0x0000000000009724                _fclose_r
 .text.fclose   0x00000000000097a0       0x7c /opt/soft/intelFPGA_lite/20.1/nios2eds/bin/gnu/H-x86_64-pc-linux-gnu/bin/../lib/gcc/nios2-elf/10.1.1/../../../../../H-x86_64-pc-linux-gnu/nios2-elf/lib/pg/libc.a(lib_a-fclose.o)
                0x00000000000097a0                fclose
 .text          0x000000000000981c        0x0 /opt/soft/intelFPGA_lite/20.1/nios2eds/bin/gnu/H-x86_64-pc-linux-gnu/bin/../lib/gcc/nios2-elf/10.1.1/../../../../../H-x86_64-pc-linux-gnu/nios2-elf/lib/pg/libc.a(lib_a-fiprintf.o)
 .text._fiprintf_r
                0x000000000000981c       0x2c /opt/soft/intelFPGA_lite/20.1/nios2eds/bin/gnu/H-x86_64-pc-linux-gnu/bin/../lib/gcc/nios2-elf/10.1.1/../../../../../H-x86_64-pc-linux-gnu/nios2-elf/lib/pg/libc.a(lib_a-fiprintf.o)
                0x000000000000981c                _fiprintf_r
 .text.fiprintf
                0x0000000000009848       0x44 /opt/soft/intelFPGA_lite/20.1/nios2eds/bin/gnu/H-x86_64-pc-linux-gnu/bin/../lib/gcc/nios2-elf/10.1.1/../../../../../H-x86_64-pc-linux-gnu/nios2-elf/lib/pg/libc.a(lib_a-fiprintf.o)
                0x0000000000009848                fiprintf
 .text          0x000000000000988c        0x0 /opt/soft/intelFPGA_lite/20.1/nios2eds/bin/gnu/H-x86_64-pc-linux-gnu/bin/../lib/gcc/nios2-elf/10.1.1/../../../../../H-x86_64-pc-linux-gnu/nios2-elf/lib/pg/libc.a(lib_a-fputwc.o)
 .text.__fputwc
                0x000000000000988c      0x170 /opt/soft/intelFPGA_lite/20.1/nios2eds/bin/gnu/H-x86_64-pc-linux-gnu/bin/../lib/gcc/nios2-elf/10.1.1/../../../../../H-x86_64-pc-linux-gnu/nios2-elf/lib/pg/libc.a(lib_a-fputwc.o)
                0x000000000000988c                __fputwc
 .text._fputwc_r
                0x00000000000099fc       0x30 /opt/soft/intelFPGA_lite/20.1/nios2eds/bin/gnu/H-x86_64-pc-linux-gnu/bin/../lib/gcc/nios2-elf/10.1.1/../../../../../H-x86_64-pc-linux-gnu/nios2-elf/lib/pg/libc.a(lib_a-fputwc.o)
                0x00000000000099fc                _fputwc_r
 .text.fputwc   0x0000000000009a2c       0x84 /opt/soft/intelFPGA_lite/20.1/nios2eds/bin/gnu/H-x86_64-pc-linux-gnu/bin/../lib/gcc/nios2-elf/10.1.1/../../../../../H-x86_64-pc-linux-gnu/nios2-elf/lib/pg/libc.a(lib_a-fputwc.o)
                0x0000000000009a2c                fputwc
 .text          0x0000000000009ab0        0x0 /opt/soft/intelFPGA_lite/20.1/nios2eds/bin/gnu/H-x86_64-pc-linux-gnu/bin/../lib/gcc/nios2-elf/10.1.1/../../../../../H-x86_64-pc-linux-gnu/nios2-elf/lib/pg/libc.a(lib_a-fstatr.o)
 .text._fstat_r
                0x0000000000009ab0       0x6c /opt/soft/intelFPGA_lite/20.1/nios2eds/bin/gnu/H-x86_64-pc-linux-gnu/bin/../lib/gcc/nios2-elf/10.1.1/../../../../../H-x86_64-pc-linux-gnu/nios2-elf/lib/pg/libc.a(lib_a-fstatr.o)
                0x0000000000009ab0                _fstat_r
 .text          0x0000000000009b1c        0x0 /opt/soft/intelFPGA_lite/20.1/nios2eds/bin/gnu/H-x86_64-pc-linux-gnu/bin/../lib/gcc/nios2-elf/10.1.1/../../../../../H-x86_64-pc-linux-gnu/nios2-elf/lib/pg/libc.a(lib_a-int_errno.o)
 .text          0x0000000000009b1c        0x0 /opt/soft/intelFPGA_lite/20.1/nios2eds/bin/gnu/H-x86_64-pc-linux-gnu/bin/../lib/gcc/nios2-elf/10.1.1/../../../../../H-x86_64-pc-linux-gnu/nios2-elf/lib/pg/libc.a(lib_a-isattyr.o)
 .text._isatty_r
                0x0000000000009b1c       0x64 /opt/soft/intelFPGA_lite/20.1/nios2eds/bin/gnu/H-x86_64-pc-linux-gnu/bin/../lib/gcc/nios2-elf/10.1.1/../../../../../H-x86_64-pc-linux-gnu/nios2-elf/lib/pg/libc.a(lib_a-isattyr.o)
                0x0000000000009b1c                _isatty_r
 .text          0x0000000000009b80        0x0 /opt/soft/intelFPGA_lite/20.1/nios2eds/bin/gnu/H-x86_64-pc-linux-gnu/bin/../lib/gcc/nios2-elf/10.1.1/../../../../../H-x86_64-pc-linux-gnu/nios2-elf/lib/pg/libc.a(lib_a-locale.o)
 .text._setlocale_r
                0x0000000000009b80       0x80 /opt/soft/intelFPGA_lite/20.1/nios2eds/bin/gnu/H-x86_64-pc-linux-gnu/bin/../lib/gcc/nios2-elf/10.1.1/../../../../../H-x86_64-pc-linux-gnu/nios2-elf/lib/pg/libc.a(lib_a-locale.o)
                0x0000000000009b80                _setlocale_r
 .text.__locale_mb_cur_max
                0x0000000000009c00       0x18 /opt/soft/intelFPGA_lite/20.1/nios2eds/bin/gnu/H-x86_64-pc-linux-gnu/bin/../lib/gcc/nios2-elf/10.1.1/../../../../../H-x86_64-pc-linux-gnu/nios2-elf/lib/pg/libc.a(lib_a-locale.o)
                0x0000000000009c00                __locale_mb_cur_max
 .text.setlocale
                0x0000000000009c18       0x80 /opt/soft/intelFPGA_lite/20.1/nios2eds/bin/gnu/H-x86_64-pc-linux-gnu/bin/../lib/gcc/nios2-elf/10.1.1/../../../../../H-x86_64-pc-linux-gnu/nios2-elf/lib/pg/libc.a(lib_a-locale.o)
                0x0000000000009c18                setlocale
 .text          0x0000000000009c98        0x0 /opt/soft/intelFPGA_lite/20.1/nios2eds/bin/gnu/H-x86_64-pc-linux-gnu/bin/../lib/gcc/nios2-elf/10.1.1/../../../../../H-x86_64-pc-linux-gnu/nios2-elf/lib/pg/libc.a(lib_a-lseekr.o)
 .text._lseek_r
                0x0000000000009c98       0x70 /opt/soft/intelFPGA_lite/20.1/nios2eds/bin/gnu/H-x86_64-pc-linux-gnu/bin/../lib/gcc/nios2-elf/10.1.1/../../../../../H-x86_64-pc-linux-gnu/nios2-elf/lib/pg/libc.a(lib_a-lseekr.o)
                0x0000000000009c98                _lseek_r
 .text          0x0000000000009d08        0x0 /opt/soft/intelFPGA_lite/20.1/nios2eds/bin/gnu/H-x86_64-pc-linux-gnu/bin/../lib/gcc/nios2-elf/10.1.1/../../../../../H-x86_64-pc-linux-gnu/nios2-elf/lib/pg/libc.a(lib_a-mbtowc_r.o)
 .text._mbtowc_r
                0x0000000000009d08       0x18 /opt/soft/intelFPGA_lite/20.1/nios2eds/bin/gnu/H-x86_64-pc-linux-gnu/bin/../lib/gcc/nios2-elf/10.1.1/../../../../../H-x86_64-pc-linux-gnu/nios2-elf/lib/pg/libc.a(lib_a-mbtowc_r.o)
                0x0000000000009d08                _mbtowc_r
 .text.__ascii_mbtowc
                0x0000000000009d20       0x50 /opt/soft/intelFPGA_lite/20.1/nios2eds/bin/gnu/H-x86_64-pc-linux-gnu/bin/../lib/gcc/nios2-elf/10.1.1/../../../../../H-x86_64-pc-linux-gnu/nios2-elf/lib/pg/libc.a(lib_a-mbtowc_r.o)
                0x0000000000009d20                __ascii_mbtowc
 .text          0x0000000000009d70        0x0 /opt/soft/intelFPGA_lite/20.1/nios2eds/bin/gnu/H-x86_64-pc-linux-gnu/bin/../lib/gcc/nios2-elf/10.1.1/../../../../../H-x86_64-pc-linux-gnu/nios2-elf/lib/pg/libc.a(lib_a-readr.o)
 .text._read_r  0x0000000000009d70       0x70 /opt/soft/intelFPGA_lite/20.1/nios2eds/bin/gnu/H-x86_64-pc-linux-gnu/bin/../lib/gcc/nios2-elf/10.1.1/../../../../../H-x86_64-pc-linux-gnu/nios2-elf/lib/pg/libc.a(lib_a-readr.o)
                0x0000000000009d70                _read_r
 .text          0x0000000000009de0        0x0 /opt/soft/intelFPGA_lite/20.1/nios2eds/bin/gnu/H-x86_64-pc-linux-gnu/bin/../lib/gcc/nios2-elf/10.1.1/../../../../../H-x86_64-pc-linux-gnu/nios2-elf/lib/pg/libc.a(lib_a-strcmp.o)
 .text.strcmp   0x0000000000009de0       0xbc /opt/soft/intelFPGA_lite/20.1/nios2eds/bin/gnu/H-x86_64-pc-linux-gnu/bin/../lib/gcc/nios2-elf/10.1.1/../../../../../H-x86_64-pc-linux-gnu/nios2-elf/lib/pg/libc.a(lib_a-strcmp.o)
                0x0000000000009de0                strcmp
 .text          0x0000000000009e9c        0x0 /opt/soft/intelFPGA_lite/20.1/nios2eds/bin/gnu/H-x86_64-pc-linux-gnu/bin/../lib/gcc/nios2-elf/10.1.1/../../../../../H-x86_64-pc-linux-gnu/nios2-elf/lib/pg/libc.a(lib_a-vfiprintfr_1.o)
 .text._vfiprintf_r
                0x0000000000009e9c       0x10 /opt/soft/intelFPGA_lite/20.1/nios2eds/bin/gnu/H-x86_64-pc-linux-gnu/bin/../lib/gcc/nios2-elf/10.1.1/../../../../../H-x86_64-pc-linux-gnu/nios2-elf/lib/pg/libc.a(lib_a-vfiprintfr_1.o)
                0x0000000000009e9c                _vfiprintf_r
 .text          0x0000000000009eac        0x0 /opt/soft/intelFPGA_lite/20.1/nios2eds/bin/gnu/H-x86_64-pc-linux-gnu/bin/../lib/gcc/nios2-elf/10.1.1/../../../../../H-x86_64-pc-linux-gnu/nios2-elf/lib/pg/libc.a(lib_a-wbuf.o)
 .text.__swbuf_r
                0x0000000000009eac      0x154 /opt/soft/intelFPGA_lite/20.1/nios2eds/bin/gnu/H-x86_64-pc-linux-gnu/bin/../lib/gcc/nios2-elf/10.1.1/../../../../../H-x86_64-pc-linux-gnu/nios2-elf/lib/pg/libc.a(lib_a-wbuf.o)
                0x0000000000009eac                __swbuf_r
 .text.__swbuf  0x000000000000a000       0x24 /opt/soft/intelFPGA_lite/20.1/nios2eds/bin/gnu/H-x86_64-pc-linux-gnu/bin/../lib/gcc/nios2-elf/10.1.1/../../../../../H-x86_64-pc-linux-gnu/nios2-elf/lib/pg/libc.a(lib_a-wbuf.o)
                0x000000000000a000                __swbuf
 .text          0x000000000000a024        0x0 /opt/soft/intelFPGA_lite/20.1/nios2eds/bin/gnu/H-x86_64-pc-linux-gnu/bin/../lib/gcc/nios2-elf/10.1.1/../../../../../H-x86_64-pc-linux-gnu/nios2-elf/lib/pg/libc.a(lib_a-wcrtomb.o)
 .text._wcrtomb_r
                0x000000000000a024       0x78 /opt/soft/intelFPGA_lite/20.1/nios2eds/bin/gnu/H-x86_64-pc-linux-gnu/bin/../lib/gcc/nios2-elf/10.1.1/../../../../../H-x86_64-pc-linux-gnu/nios2-elf/lib/pg/libc.a(lib_a-wcrtomb.o)
                0x000000000000a024                _wcrtomb_r
 .text.wcrtomb  0x000000000000a09c       0x94 /opt/soft/intelFPGA_lite/20.1/nios2eds/bin/gnu/H-x86_64-pc-linux-gnu/bin/../lib/gcc/nios2-elf/10.1.1/../../../../../H-x86_64-pc-linux-gnu/nios2-elf/lib/pg/libc.a(lib_a-wcrtomb.o)
                0x000000000000a09c                wcrtomb
 .text          0x000000000000a130        0x0 /opt/soft/intelFPGA_lite/20.1/nios2eds/bin/gnu/H-x86_64-pc-linux-gnu/bin/../lib/gcc/nios2-elf/10.1.1/../../../../../H-x86_64-pc-linux-gnu/nios2-elf/lib/pg/libc.a(lib_a-wctomb_r.o)
 .text._wctomb_r
                0x000000000000a130       0x18 /opt/soft/intelFPGA_lite/20.1/nios2eds/bin/gnu/H-x86_64-pc-linux-gnu/bin/../lib/gcc/nios2-elf/10.1.1/../../../../../H-x86_64-pc-linux-gnu/nios2-elf/lib/pg/libc.a(lib_a-wctomb_r.o)
                0x000000000000a130                _wctomb_r
 .text.__ascii_wctomb
                0x000000000000a148       0x3c /opt/soft/intelFPGA_lite/20.1/nios2eds/bin/gnu/H-x86_64-pc-linux-gnu/bin/../lib/gcc/nios2-elf/10.1.1/../../../../../H-x86_64-pc-linux-gnu/nios2-elf/lib/pg/libc.a(lib_a-wctomb_r.o)
                0x000000000000a148                __ascii_wctomb
 .text          0x000000000000a184        0x0 /opt/soft/intelFPGA_lite/20.1/nios2eds/bin/gnu/H-x86_64-pc-linux-gnu/bin/../lib/gcc/nios2-elf/10.1.1/../../../../../H-x86_64-pc-linux-gnu/nios2-elf/lib/pg/libc.a(lib_a-abort.o)
 .text.unlikely.abort
                0x000000000000a184       0x24 /opt/soft/intelFPGA_lite/20.1/nios2eds/bin/gnu/H-x86_64-pc-linux-gnu/bin/../lib/gcc/nios2-elf/10.1.1/../../../../../H-x86_64-pc-linux-gnu/nios2-elf/lib/pg/libc.a(lib_a-abort.o)
                0x000000000000a184                abort
 .text          0x000000000000a1a8        0x0 /opt/soft/intelFPGA_lite/20.1/nios2eds/bin/gnu/H-x86_64-pc-linux-gnu/bin/../lib/gcc/nios2-elf/10.1.1/../../../../../H-x86_64-pc-linux-gnu/nios2-elf/lib/pg/libc.a(lib_a-ctype_.o)
 .text          0x000000000000a1a8        0x0 /opt/soft/intelFPGA_lite/20.1/nios2eds/bin/gnu/H-x86_64-pc-linux-gnu/bin/../lib/gcc/nios2-elf/10.1.1/../../../../../H-x86_64-pc-linux-gnu/nios2-elf/lib/pg/libc.a(lib_a-signal.o)
 .text._init_signal_r
                0x000000000000a1a8       0x68 /opt/soft/intelFPGA_lite/20.1/nios2eds/bin/gnu/H-x86_64-pc-linux-gnu/bin/../lib/gcc/nios2-elf/10.1.1/../../../../../H-x86_64-pc-linux-gnu/nios2-elf/lib/pg/libc.a(lib_a-signal.o)
                0x000000000000a1a8                _init_signal_r
 .text._signal_r
                0x000000000000a210       0xa4 /opt/soft/intelFPGA_lite/20.1/nios2eds/bin/gnu/H-x86_64-pc-linux-gnu/bin/../lib/gcc/nios2-elf/10.1.1/../../../../../H-x86_64-pc-linux-gnu/nios2-elf/lib/pg/libc.a(lib_a-signal.o)
                0x000000000000a210                _signal_r
 .text._raise_r
                0x000000000000a2b4       0xd0 /opt/soft/intelFPGA_lite/20.1/nios2eds/bin/gnu/H-x86_64-pc-linux-gnu/bin/../lib/gcc/nios2-elf/10.1.1/../../../../../H-x86_64-pc-linux-gnu/nios2-elf/lib/pg/libc.a(lib_a-signal.o)
                0x000000000000a2b4                _raise_r
 .text.__sigtramp_r
                0x000000000000a384       0xc8 /opt/soft/intelFPGA_lite/20.1/nios2eds/bin/gnu/H-x86_64-pc-linux-gnu/bin/../lib/gcc/nios2-elf/10.1.1/../../../../../H-x86_64-pc-linux-gnu/nios2-elf/lib/pg/libc.a(lib_a-signal.o)
                0x000000000000a384                __sigtramp_r
 .text.raise    0x000000000000a44c       0xc8 /opt/soft/intelFPGA_lite/20.1/nios2eds/bin/gnu/H-x86_64-pc-linux-gnu/bin/../lib/gcc/nios2-elf/10.1.1/../../../../../H-x86_64-pc-linux-gnu/nios2-elf/lib/pg/libc.a(lib_a-signal.o)
                0x000000000000a44c                raise
 .text.signal   0x000000000000a514       0xac /opt/soft/intelFPGA_lite/20.1/nios2eds/bin/gnu/H-x86_64-pc-linux-gnu/bin/../lib/gcc/nios2-elf/10.1.1/../../../../../H-x86_64-pc-linux-gnu/nios2-elf/lib/pg/libc.a(lib_a-signal.o)
                0x000000000000a514                signal
 .text._init_signal
                0x000000000000a5c0       0x6c /opt/soft/intelFPGA_lite/20.1/nios2eds/bin/gnu/H-x86_64-pc-linux-gnu/bin/../lib/gcc/nios2-elf/10.1.1/../../../../../H-x86_64-pc-linux-gnu/nios2-elf/lib/pg/libc.a(lib_a-signal.o)
                0x000000000000a5c0                _init_signal
 .text.__sigtramp
                0x000000000000a62c       0xc8 /opt/soft/intelFPGA_lite/20.1/nios2eds/bin/gnu/H-x86_64-pc-linux-gnu/bin/../lib/gcc/nios2-elf/10.1.1/../../../../../H-x86_64-pc-linux-gnu/nios2-elf/lib/pg/libc.a(lib_a-signal.o)
                0x000000000000a62c                __sigtramp
 .text          0x000000000000a6f4        0x0 /opt/soft/intelFPGA_lite/20.1/nios2eds/bin/gnu/H-x86_64-pc-linux-gnu/bin/../lib/gcc/nios2-elf/10.1.1/../../../../../H-x86_64-pc-linux-gnu/nios2-elf/lib/pg/libc.a(lib_a-signalr.o)
 .text._kill_r  0x000000000000a6f4       0x6c /opt/soft/intelFPGA_lite/20.1/nios2eds/bin/gnu/H-x86_64-pc-linux-gnu/bin/../lib/gcc/nios2-elf/10.1.1/../../../../../H-x86_64-pc-linux-gnu/nios2-elf/lib/pg/libc.a(lib_a-signalr.o)
                0x000000000000a6f4                _kill_r
 .text._getpid_r
                0x000000000000a760       0x10 /opt/soft/intelFPGA_lite/20.1/nios2eds/bin/gnu/H-x86_64-pc-linux-gnu/bin/../lib/gcc/nios2-elf/10.1.1/../../../../../H-x86_64-pc-linux-gnu/nios2-elf/lib/pg/libc.a(lib_a-signalr.o)
                0x000000000000a760                _getpid_r
 .text          0x000000000000a770      0x59c /opt/soft/intelFPGA_lite/20.1/nios2eds/bin/gnu/H-x86_64-pc-linux-gnu/bin/../lib/gcc/nios2-elf/10.1.1/pg/libgcc.a(_udivdi3.o)
                0x000000000000a770                __udivdi3
 .text          0x000000000000ad0c      0x540 /opt/soft/intelFPGA_lite/20.1/nios2eds/bin/gnu/H-x86_64-pc-linux-gnu/bin/../lib/gcc/nios2-elf/10.1.1/pg/libgcc.a(_umoddi3.o)
                0x000000000000ad0c                __umoddi3
 .text          0x000000000000b24c      0x1e4 /opt/soft/intelFPGA_lite/20.1/nios2eds/bin/gnu/H-x86_64-pc-linux-gnu/bin/../lib/gcc/nios2-elf/10.1.1/pg/libgcc.a(lib2-divmod.o)
                0x000000000000b24c                __divsi3
                0x000000000000b2d8                __modsi3
                0x000000000000b358                __udivsi3
                0x000000000000b3c8                __umodsi3
 .text          0x000000000000b430      0x8fc /opt/soft/intelFPGA_lite/20.1/nios2eds/bin/gnu/H-x86_64-pc-linux-gnu/bin/../lib/gcc/nios2-elf/10.1.1/pg/libgcc.a(adddf3.o)
                0x000000000000b430                __adddf3
 .text          0x000000000000bd2c      0x868 /opt/soft/intelFPGA_lite/20.1/nios2eds/bin/gnu/H-x86_64-pc-linux-gnu/bin/../lib/gcc/nios2-elf/10.1.1/pg/libgcc.a(divdf3.o)
                0x000000000000bd2c                __divdf3
 .text          0x000000000000c594       0x8c /opt/soft/intelFPGA_lite/20.1/nios2eds/bin/gnu/H-x86_64-pc-linux-gnu/bin/../lib/gcc/nios2-elf/10.1.1/pg/libgcc.a(eqdf2.o)
                0x000000000000c594                __eqdf2
                0x000000000000c594                __nedf2
 .text          0x000000000000c620       0xf4 /opt/soft/intelFPGA_lite/20.1/nios2eds/bin/gnu/H-x86_64-pc-linux-gnu/bin/../lib/gcc/nios2-elf/10.1.1/pg/libgcc.a(gedf2.o)
                0x000000000000c620                __gtdf2
                0x000000000000c620                __gedf2
 .text          0x000000000000c714       0xf4 /opt/soft/intelFPGA_lite/20.1/nios2eds/bin/gnu/H-x86_64-pc-linux-gnu/bin/../lib/gcc/nios2-elf/10.1.1/pg/libgcc.a(ledf2.o)
                0x000000000000c714                __ltdf2
                0x000000000000c714                __ledf2
 .text          0x000000000000c808      0x680 /opt/soft/intelFPGA_lite/20.1/nios2eds/bin/gnu/H-x86_64-pc-linux-gnu/bin/../lib/gcc/nios2-elf/10.1.1/pg/libgcc.a(muldf3.o)
                0x000000000000c808                __muldf3
 .text          0x000000000000ce88      0x8c0 /opt/soft/intelFPGA_lite/20.1/nios2eds/bin/gnu/H-x86_64-pc-linux-gnu/bin/../lib/gcc/nios2-elf/10.1.1/pg/libgcc.a(subdf3.o)
                0x000000000000ce88                __subdf3
 .text          0x000000000000d748       0x60 /opt/soft/intelFPGA_lite/20.1/nios2eds/bin/gnu/H-x86_64-pc-linux-gnu/bin/../lib/gcc/nios2-elf/10.1.1/pg/libgcc.a(unorddf2.o)
                0x000000000000d748                __unorddf2
 .text          0x000000000000d7a8       0x8c /opt/soft/intelFPGA_lite/20.1/nios2eds/bin/gnu/H-x86_64-pc-linux-gnu/bin/../lib/gcc/nios2-elf/10.1.1/pg/libgcc.a(fixdfsi.o)
                0x000000000000d7a8                __fixdfsi
 .text          0x000000000000d834       0xc4 /opt/soft/intelFPGA_lite/20.1/nios2eds/bin/gnu/H-x86_64-pc-linux-gnu/bin/../lib/gcc/nios2-elf/10.1.1/pg/libgcc.a(floatsidf.o)
                0x000000000000d834                __floatsidf
 .text          0x000000000000d8f8       0x9c /opt/soft/intelFPGA_lite/20.1/nios2eds/bin/gnu/H-x86_64-pc-linux-gnu/bin/../lib/gcc/nios2-elf/10.1.1/pg/libgcc.a(floatunsidf.o)
                0x000000000000d8f8                __floatunsidf
 .text          0x000000000000d994        0x0 /opt/soft/intelFPGA_lite/20.1/nios2eds/bin/gnu/H-x86_64-pc-linux-gnu/bin/../lib/gcc/nios2-elf/10.1.1/pg/libgcc.a(_clz.o)
 .text          0x000000000000d994       0x60 /opt/soft/intelFPGA_lite/20.1/nios2eds/bin/gnu/H-x86_64-pc-linux-gnu/bin/../lib/gcc/nios2-elf/10.1.1/pg/libgcc.a(_clzsi2.o)
                0x000000000000d994                __clzsi2
 .text          0x000000000000d9f4       0xc8 ../niosII_training_bsp//libhal_bsp.a(alt_close.o)
                0x000000000000d9f4                close
 .text          0x000000000000dabc       0x24 ../niosII_training_bsp//libhal_bsp.a(alt_dcache_flush_all.o)
                0x000000000000dabc                alt_dcache_flush_all
 .text          0x000000000000dae0       0x14 ../niosII_training_bsp//libhal_bsp.a(alt_dev.o)
 .text          0x000000000000daf4        0x0 ../niosII_training_bsp//libhal_bsp.a(alt_errno.o)
 .text          0x000000000000daf4       0x44 ../niosII_training_bsp//libhal_bsp.a(alt_exit.o)
                0x000000000000daf4                _exit
 .text          0x000000000000db38       0x84 ../niosII_training_bsp//libhal_bsp.a(alt_fstat.o)
                0x000000000000db38                fstat
 .text          0x000000000000dbbc       0x14 ../niosII_training_bsp//libhal_bsp.a(alt_getpid.o)
                0x000000000000dbbc                getpid
 .text          0x000000000000dbd0      0x1e8 ../niosII_training_bsp//libhal_bsp.a(alt_gmon.o)
                0x000000000000dc18                __mcount_record
 .text          0x000000000000ddb8       0x18 ../niosII_training_bsp//libhal_bsp.a(alt_icache_flush_all.o)
                0x000000000000ddb8                alt_icache_flush_all
 .text          0x000000000000ddd0       0xbc ../niosII_training_bsp//libhal_bsp.a(alt_iic.o)
                0x000000000000ddd0                alt_ic_isr_register
                0x000000000000dde0                alt_ic_irq_enable
                0x000000000000de24                alt_ic_irq_disable
                0x000000000000de68                alt_ic_irq_enabled
 .text          0x000000000000de8c       0x74 ../niosII_training_bsp//libhal_bsp.a(alt_iic_isr_register.o)
                0x000000000000de8c                alt_iic_isr_register
 .text          0x000000000000df00        0x0 ../niosII_training_bsp//libhal_bsp.a(alt_irq_entry.o)
 .text          0x000000000000df00        0x0 ../niosII_training_bsp//libhal_bsp.a(alt_irq_handler.o)
 .text          0x000000000000df00        0x0 ../niosII_training_bsp//libhal_bsp.a(alt_irq_vars.o)
 .text          0x000000000000df00       0x90 ../niosII_training_bsp//libhal_bsp.a(alt_isatty.o)
                0x000000000000df00                isatty
 .text          0x000000000000df90      0x10c ../niosII_training_bsp//libhal_bsp.a(alt_kill.o)
                0x000000000000df90                kill
 .text          0x000000000000e09c       0x84 ../niosII_training_bsp//libhal_bsp.a(alt_lseek.o)
                0x000000000000e09c                lseek
 .text          0x000000000000e120       0x6c ../niosII_training_bsp//libhal_bsp.a(alt_main.o)
                0x000000000000e120                alt_main
 .text          0x000000000000e18c       0x20 ../niosII_training_bsp//libhal_bsp.a(alt_malloc_lock.o)
                0x000000000000e18c                __malloc_lock
                0x000000000000e19c                __malloc_unlock
 .text          0x000000000000e1ac       0x9c ../niosII_training_bsp//libhal_bsp.a(alt_mcount.o)
                0x000000000000e1ac                mcount
                0x000000000000e1ac                _mcount
 .text          0x000000000000e248       0xd8 ../niosII_training_bsp//libhal_bsp.a(alt_read.o)
                0x000000000000e248                read
 .text          0x000000000000e320       0x30 ../niosII_training_bsp//libhal_bsp.a(alt_release_fd.o)
                0x000000000000e320                alt_release_fd
 .text          0x000000000000e350       0x4c ../niosII_training_bsp//libhal_bsp.a(alt_sbrk.o)
                0x000000000000e350                sbrk
 .text          0x000000000000e39c      0x13c ../niosII_training_bsp//libhal_bsp.a(alt_tick.o)
                0x000000000000e39c                alt_alarm_stop
                0x000000000000e3d8                alt_tick
 .text          0x000000000000e4d8       0xd4 ../niosII_training_bsp//libhal_bsp.a(alt_write.o)
                0x000000000000e4d8                write
 .text          0x000000000000e5ac       0x94 ../niosII_training_bsp//libhal_bsp.a(alt_sys_init.o)
                0x000000000000e5ac                alt_irq_init
                0x000000000000e5d8                alt_sys_init
 .text          0x000000000000e640       0x6c ../niosII_training_bsp//libhal_bsp.a(altera_avalon_jtag_uart_fd.o)
                0x000000000000e640                altera_avalon_jtag_uart_read_fd
                0x000000000000e65c                altera_avalon_jtag_uart_write_fd
                0x000000000000e678                altera_avalon_jtag_uart_close_fd
                0x000000000000e694                altera_avalon_jtag_uart_ioctl_fd
 .text          0x000000000000e6ac      0x240 ../niosII_training_bsp//libhal_bsp.a(altera_avalon_jtag_uart_init.o)
                0x000000000000e814                altera_avalon_jtag_uart_init
                0x000000000000e898                altera_avalon_jtag_uart_close
 .text          0x000000000000e8ec       0x8c ../niosII_training_bsp//libhal_bsp.a(altera_avalon_jtag_uart_ioctl.o)
                0x000000000000e8ec                altera_avalon_jtag_uart_ioctl
 .text          0x000000000000e978      0x150 ../niosII_training_bsp//libhal_bsp.a(altera_avalon_jtag_uart_read.o)
                0x000000000000e978                altera_avalon_jtag_uart_read
 .text          0x000000000000eac8      0x1b0 ../niosII_training_bsp//libhal_bsp.a(altera_avalon_jtag_uart_write.o)
                0x000000000000eac8                altera_avalon_jtag_uart_write
 .text          0x000000000000ec78       0x9c ../niosII_training_bsp//libhal_bsp.a(altera_avalon_timer_sc.o)
                0x000000000000ecc0                alt_avalon_timer_sc_init
 .text          0x000000000000ed14      0x1f8 ../niosII_training_bsp//libhal_bsp.a(perf_print_formatted_report.o)
                0x000000000000ed14                perf_print_formatted_report
 .text          0x000000000000ef0c       0x8c ../niosII_training_bsp//libhal_bsp.a(alt_alarm_start.o)
                0x000000000000ef0c                alt_alarm_start
 .text          0x000000000000ef98       0x78 ../niosII_training_bsp//libhal_bsp.a(alt_dev_llist_insert.o)
                0x000000000000ef98                alt_dev_llist_insert
 .text          0x000000000000f010       0x54 ../niosII_training_bsp//libhal_bsp.a(alt_do_ctors.o)
                0x000000000000f010                _do_ctors
 .text          0x000000000000f064       0x54 ../niosII_training_bsp//libhal_bsp.a(alt_do_dtors.o)
                0x000000000000f064                _do_dtors
 .text          0x000000000000f0b8        0x0 ../niosII_training_bsp//libhal_bsp.a(alt_exception_entry.o)
 .text          0x000000000000f0b8       0x5c ../niosII_training_bsp//libhal_bsp.a(alt_icache_flush.o)
                0x000000000000f0b8                alt_icache_flush
 .text          0x000000000000f114       0x7c ../niosII_training_bsp//libhal_bsp.a(alt_instruction_exception_entry.o)
                0x000000000000f114                alt_exception_cause_generated_bad_addr
 .text          0x000000000000f190      0x11c ../niosII_training_bsp//libhal_bsp.a(alt_io_redirect.o)
                0x000000000000f190                alt_io_redirect
 .text          0x000000000000f2ac      0x16c ../niosII_training_bsp//libhal_bsp.a(alt_open.o)
                0x000000000000f2ac                open
 .text          0x000000000000f418       0x14 ../niosII_training_bsp//libhal_bsp.a(altera_nios2_gen2_irq.o)
                0x000000000000f418                altera_nios2_gen2_irq_init
 .text          0x000000000000f42c       0x9c ../niosII_training_bsp//libhal_bsp.a(altera_avalon_performance_counter.o)
                0x000000000000f42c                perf_get_section_time
                0x000000000000f45c                perf_get_total_time
                0x000000000000f478                perf_get_num_starts
                0x000000000000f498                alt_get_performance_counter_base
                0x000000000000f4b0                alt_get_cpu_freq
 .text          0x000000000000f4c8       0x84 ../niosII_training_bsp//libhal_bsp.a(alt_find_dev.o)
                0x000000000000f4c8                alt_find_dev
 .text          0x000000000000f54c       0xa8 ../niosII_training_bsp//libhal_bsp.a(alt_find_file.o)
                0x000000000000f54c                alt_find_file
 .text          0x000000000000f5f4       0x5c ../niosII_training_bsp//libhal_bsp.a(alt_get_fd.o)
                0x000000000000f5f4                alt_get_fd
 .text          0x000000000000f650        0x0 /opt/soft/intelFPGA_lite/20.1/nios2eds/bin/gnu/H-x86_64-pc-linux-gnu/bin/../lib/gcc/nios2-elf/10.1.1/../../../../../H-x86_64-pc-linux-gnu/nios2-elf/lib/pg/libc.a(lib_a-atexit.o)
 .text.atexit   0x000000000000f650       0x20 /opt/soft/intelFPGA_lite/20.1/nios2eds/bin/gnu/H-x86_64-pc-linux-gnu/bin/../lib/gcc/nios2-elf/10.1.1/../../../../../H-x86_64-pc-linux-gnu/nios2-elf/lib/pg/libc.a(lib_a-atexit.o)
                0x000000000000f650                atexit
 .text          0x000000000000f670        0x0 /opt/soft/intelFPGA_lite/20.1/nios2eds/bin/gnu/H-x86_64-pc-linux-gnu/bin/../lib/gcc/nios2-elf/10.1.1/../../../../../H-x86_64-pc-linux-gnu/nios2-elf/lib/pg/libc.a(lib_a-memcmp.o)
 .text.memcmp   0x000000000000f670       0x84 /opt/soft/intelFPGA_lite/20.1/nios2eds/bin/gnu/H-x86_64-pc-linux-gnu/bin/../lib/gcc/nios2-elf/10.1.1/../../../../../H-x86_64-pc-linux-gnu/nios2-elf/lib/pg/libc.a(lib_a-memcmp.o)
                0x000000000000f670                memcmp
 .text          0x000000000000f6f4        0x0 /opt/soft/intelFPGA_lite/20.1/nios2eds/bin/gnu/H-x86_64-pc-linux-gnu/bin/../lib/gcc/nios2-elf/10.1.1/../../../../../H-x86_64-pc-linux-gnu/nios2-elf/lib/pg/libc.a(lib_a-__atexit.o)
 .text.__register_exitproc
                0x000000000000f6f4       0x9c /opt/soft/intelFPGA_lite/20.1/nios2eds/bin/gnu/H-x86_64-pc-linux-gnu/bin/../lib/gcc/nios2-elf/10.1.1/../../../../../H-x86_64-pc-linux-gnu/nios2-elf/lib/pg/libc.a(lib_a-__atexit.o)
                0x000000000000f6f4                __register_exitproc
 .text          0x000000000000f790       0x7c /opt/soft/intelFPGA_lite/20.1/nios2eds/bin/gnu/H-x86_64-pc-linux-gnu/bin/../lib/gcc/nios2-elf/10.1.1/pg/libgcc.a(_floatundidf.o)
                0x000000000000f790                __floatundidf
 *(.gnu.warning.*)
 *(.fini)
                [!provide]                        PROVIDE (__etext = ABSOLUTE (.))
                [!provide]                        PROVIDE (_etext = ABSOLUTE (.))
                0x000000000000f80c                PROVIDE (etext = ABSOLUTE (.))
 *(.eh_frame_hdr)
                0x000000000000f80c                . = ALIGN (0x4)
                [!provide]                        PROVIDE (__preinit_array_start = ABSOLUTE (.))
 *(.preinit_array)
                [!provide]                        PROVIDE (__preinit_array_end = ABSOLUTE (.))
                [!provide]                        PROVIDE (__init_array_start = ABSOLUTE (.))
 *(.init_array)
                [!provide]                        PROVIDE (__init_array_end = ABSOLUTE (.))
                [!provide]                        PROVIDE (__fini_array_start = ABSOLUTE (.))
 *(.fini_array)
                [!provide]                        PROVIDE (__fini_array_end = ABSOLUTE (.))
 *(.eh_frame)
 *(.gcc_except_table .gcc_except_table.*)
 *(.dynamic)
                0x000000000000f80c                PROVIDE (__CTOR_LIST__ = ABSOLUTE (.))
 *(.ctors)
 *(SORT_BY_NAME(.ctors.*))
                0x000000000000f80c                PROVIDE (__CTOR_END__ = ABSOLUTE (.))
                0x000000000000f80c                PROVIDE (__DTOR_LIST__ = ABSOLUTE (.))
 *(.dtors)
 *(SORT_BY_NAME(.dtors.*))
                0x000000000000f80c                PROVIDE (__DTOR_END__ = ABSOLUTE (.))
 *(.jcr)
                0x000000000000f80c                . = ALIGN (0x4)

.rodata         0x000000000000f80c      0xf70
                [!provide]                        PROVIDE (__ram_rodata_start = ABSOLUTE (.))
                0x000000000000f80c                . = ALIGN (0x4)
 *(.rodata .rodata.* .gnu.linkonce.r.*)
 .rodata.str1.4
                0x000000000000f80c       0x36 obj/default/simple.o
 *fill*         0x000000000000f842        0x2 
 .rodata        0x000000000000f844      0x7f8 obj/default/simple.o
 .rodata._puts_r.str1.4
                0x000000000001003c        0x2 /opt/soft/intelFPGA_lite/20.1/nios2eds/bin/gnu/H-x86_64-pc-linux-gnu/bin/../lib/gcc/nios2-elf/10.1.1/../../../../../H-x86_64-pc-linux-gnu/nios2-elf/lib/pg/libc.a(lib_a-puts.o)
 *fill*         0x000000000001003e        0x2 
 .rodata.___vfprintf_internal_r.str1.4
                0x0000000000010040       0x42 /opt/soft/intelFPGA_lite/20.1/nios2eds/bin/gnu/H-x86_64-pc-linux-gnu/bin/../lib/gcc/nios2-elf/10.1.1/../../../../../H-x86_64-pc-linux-gnu/nios2-elf/lib/pg/libc.a(lib_a-vfprintf.o)
 *fill*         0x0000000000010082        0x2 
 .rodata.zeroes.0
                0x0000000000010084       0x10 /opt/soft/intelFPGA_lite/20.1/nios2eds/bin/gnu/H-x86_64-pc-linux-gnu/bin/../lib/gcc/nios2-elf/10.1.1/../../../../../H-x86_64-pc-linux-gnu/nios2-elf/lib/pg/libc.a(lib_a-vfprintf.o)
 .rodata.blanks.1
                0x0000000000010094       0x10 /opt/soft/intelFPGA_lite/20.1/nios2eds/bin/gnu/H-x86_64-pc-linux-gnu/bin/../lib/gcc/nios2-elf/10.1.1/../../../../../H-x86_64-pc-linux-gnu/nios2-elf/lib/pg/libc.a(lib_a-vfprintf.o)
 .rodata._dtoa_r.str1.4
                0x00000000000100a4       0x61 /opt/soft/intelFPGA_lite/20.1/nios2eds/bin/gnu/H-x86_64-pc-linux-gnu/bin/../lib/gcc/nios2-elf/10.1.1/../../../../../H-x86_64-pc-linux-gnu/nios2-elf/lib/pg/libc.a(lib_a-dtoa.o)
                                         0x65 (size before relaxing)
 *fill*         0x0000000000010105        0x3 
 .rodata.__multadd.str1.4
                0x0000000000010108       0x3e /opt/soft/intelFPGA_lite/20.1/nios2eds/bin/gnu/H-x86_64-pc-linux-gnu/bin/../lib/gcc/nios2-elf/10.1.1/../../../../../H-x86_64-pc-linux-gnu/nios2-elf/lib/pg/libc.a(lib_a-mprec.o)
                                         0x52 (size before relaxing)
 *fill*         0x0000000000010146        0x2 
 .rodata.p05.0  0x0000000000010148        0xc /opt/soft/intelFPGA_lite/20.1/nios2eds/bin/gnu/H-x86_64-pc-linux-gnu/bin/../lib/gcc/nios2-elf/10.1.1/../../../../../H-x86_64-pc-linux-gnu/nios2-elf/lib/pg/libc.a(lib_a-mprec.o)
 .rodata.__mprec_tinytens
                0x0000000000010154       0x28 /opt/soft/intelFPGA_lite/20.1/nios2eds/bin/gnu/H-x86_64-pc-linux-gnu/bin/../lib/gcc/nios2-elf/10.1.1/../../../../../H-x86_64-pc-linux-gnu/nios2-elf/lib/pg/libc.a(lib_a-mprec.o)
                0x0000000000010154                __mprec_tinytens
 .rodata.__mprec_bigtens
                0x000000000001017c       0x28 /opt/soft/intelFPGA_lite/20.1/nios2eds/bin/gnu/H-x86_64-pc-linux-gnu/bin/../lib/gcc/nios2-elf/10.1.1/../../../../../H-x86_64-pc-linux-gnu/nios2-elf/lib/pg/libc.a(lib_a-mprec.o)
                0x000000000001017c                __mprec_bigtens
 .rodata.__mprec_tens
                0x00000000000101a4       0xc8 /opt/soft/intelFPGA_lite/20.1/nios2eds/bin/gnu/H-x86_64-pc-linux-gnu/bin/../lib/gcc/nios2-elf/10.1.1/../../../../../H-x86_64-pc-linux-gnu/nios2-elf/lib/pg/libc.a(lib_a-mprec.o)
                0x00000000000101a4                __mprec_tens
 .rodata.___vfiprintf_internal_r.str1.4
                0x000000000001026c       0x2f /opt/soft/intelFPGA_lite/20.1/nios2eds/bin/gnu/H-x86_64-pc-linux-gnu/bin/../lib/gcc/nios2-elf/10.1.1/../../../../../H-x86_64-pc-linux-gnu/nios2-elf/lib/pg/libc.a(lib_a-vfiprintf.o)
 .rodata.zeroes.0
                0x000000000001026c       0x10 /opt/soft/intelFPGA_lite/20.1/nios2eds/bin/gnu/H-x86_64-pc-linux-gnu/bin/../lib/gcc/nios2-elf/10.1.1/../../../../../H-x86_64-pc-linux-gnu/nios2-elf/lib/pg/libc.a(lib_a-vfiprintf.o)
 .rodata.blanks.1
                0x000000000001027c       0x10 /opt/soft/intelFPGA_lite/20.1/nios2eds/bin/gnu/H-x86_64-pc-linux-gnu/bin/../lib/gcc/nios2-elf/10.1.1/../../../../../H-x86_64-pc-linux-gnu/nios2-elf/lib/pg/libc.a(lib_a-vfiprintf.o)
 .rodata.__assert_func.str1.4
                0x000000000001028c       0x3f /opt/soft/intelFPGA_lite/20.1/nios2eds/bin/gnu/H-x86_64-pc-linux-gnu/bin/../lib/gcc/nios2-elf/10.1.1/../../../../../H-x86_64-pc-linux-gnu/nios2-elf/lib/pg/libc.a(lib_a-assert.o)
                                         0x43 (size before relaxing)
 *fill*         0x00000000000102cb        0x1 
 .rodata._setlocale_r.str1.4
                0x00000000000102cc        0xa /opt/soft/intelFPGA_lite/20.1/nios2eds/bin/gnu/H-x86_64-pc-linux-gnu/bin/../lib/gcc/nios2-elf/10.1.1/../../../../../H-x86_64-pc-linux-gnu/nios2-elf/lib/pg/libc.a(lib_a-locale.o)
 *fill*         0x00000000000102d6        0x2 
 .rodata.str1.4
                0x00000000000102d8        0x2 /opt/soft/intelFPGA_lite/20.1/nios2eds/bin/gnu/H-x86_64-pc-linux-gnu/bin/../lib/gcc/nios2-elf/10.1.1/../../../../../H-x86_64-pc-linux-gnu/nios2-elf/lib/pg/libc.a(lib_a-locale.o)
                                          0x5 (size before relaxing)
 *fill*         0x00000000000102da        0x2 
 .rodata._ctype_
                0x00000000000102dc      0x101 /opt/soft/intelFPGA_lite/20.1/nios2eds/bin/gnu/H-x86_64-pc-linux-gnu/bin/../lib/gcc/nios2-elf/10.1.1/../../../../../H-x86_64-pc-linux-gnu/nios2-elf/lib/pg/libc.a(lib_a-ctype_.o)
                0x00000000000102dc                _ctype_
 *fill*         0x00000000000103dd        0x3 
 .rodata._ctype_b
                0x00000000000103e0      0x180 /opt/soft/intelFPGA_lite/20.1/nios2eds/bin/gnu/H-x86_64-pc-linux-gnu/bin/../lib/gcc/nios2-elf/10.1.1/../../../../../H-x86_64-pc-linux-gnu/nios2-elf/lib/pg/libc.a(lib_a-ctype_.o)
                0x00000000000103e0                _ctype_b
 .rodata        0x0000000000010560      0x100 /opt/soft/intelFPGA_lite/20.1/nios2eds/bin/gnu/H-x86_64-pc-linux-gnu/bin/../lib/gcc/nios2-elf/10.1.1/pg/libgcc.a(_clz.o)
                0x0000000000010560                __clz_tab
 .rodata.str1.4
                0x0000000000010660        0xa ../niosII_training_bsp//libhal_bsp.a(alt_dev.o)
 *fill*         0x000000000001066a        0x2 
 .rodata.str1.4
                0x000000000001066c        0xf ../niosII_training_bsp//libhal_bsp.a(alt_main.o)
 .rodata.str1.4
                0x000000000001067b        0xf ../niosII_training_bsp//libhal_bsp.a(alt_sys_init.o)
 *fill*         0x000000000001067b        0x1 
 .rodata.str1.4
                0x000000000001067c      0x100 ../niosII_training_bsp//libhal_bsp.a(perf_print_formatted_report.o)
 *(.rodata1)
                0x000000000001077c                . = ALIGN (0x4)
                [!provide]                        PROVIDE (__ram_rodata_end = ABSOLUTE (.))
                [!provide]                        PROVIDE (__flash_rodata_start = LOADADDR (.rodata))

.rwdata         0x000000000001077c     0x1c00
                [!provide]                        PROVIDE (__ram_rwdata_start = ABSOLUTE (.))
                0x000000000001077c                . = ALIGN (0x4)
 *(.got.plt)
 *(.got)
 *(.data1)
 *(.data .data.* .gnu.linkonce.d.*)
 .data          0x000000000001077c        0x0 ../niosII_training_bsp//obj/HAL/src/crt0.o
 .data          0x000000000001077c        0x0 obj/default/.metadata/.plugins/org.eclipse.cdt.make.core/specs.o
 .data          0x000000000001077c        0x0 obj/default/simple.o
 .data          0x000000000001077c        0x0 obj/default/.metadata/.plugins/org.eclipse.cdt.make.core/specs.o
 .data          0x000000000001077c        0x0 /opt/soft/intelFPGA_lite/20.1/nios2eds/bin/gnu/H-x86_64-pc-linux-gnu/bin/../lib/gcc/nios2-elf/10.1.1/../../../../../H-x86_64-pc-linux-gnu/nios2-elf/lib/pg/libc.a(lib_a-exit.o)
 .data          0x000000000001077c        0x0 /opt/soft/intelFPGA_lite/20.1/nios2eds/bin/gnu/H-x86_64-pc-linux-gnu/bin/../lib/gcc/nios2-elf/10.1.1/../../../../../H-x86_64-pc-linux-gnu/nios2-elf/lib/pg/libc.a(lib_a-impure.o)
 .data.impure_data
                0x000000000001077c      0x424 /opt/soft/intelFPGA_lite/20.1/nios2eds/bin/gnu/H-x86_64-pc-linux-gnu/bin/../lib/gcc/nios2-elf/10.1.1/../../../../../H-x86_64-pc-linux-gnu/nios2-elf/lib/pg/libc.a(lib_a-impure.o)
 .data          0x0000000000010ba0        0x0 /opt/soft/intelFPGA_lite/20.1/nios2eds/bin/gnu/H-x86_64-pc-linux-gnu/bin/../lib/gcc/nios2-elf/10.1.1/../../../../../H-x86_64-pc-linux-gnu/nios2-elf/lib/pg/libc.a(lib_a-memcpy.o)
 .data          0x0000000000010ba0        0x0 /opt/soft/intelFPGA_lite/20.1/nios2eds/bin/gnu/H-x86_64-pc-linux-gnu/bin/../lib/gcc/nios2-elf/10.1.1/../../../../../H-x86_64-pc-linux-gnu/nios2-elf/lib/pg/libc.a(lib_a-printf.o)
 .data          0x0000000000010ba0        0x0 /opt/soft/intelFPGA_lite/20.1/nios2eds/bin/gnu/H-x86_64-pc-linux-gnu/bin/../lib/gcc/nios2-elf/10.1.1/../../../../../H-x86_64-pc-linux-gnu/nios2-elf/lib/pg/libc.a(lib_a-puts.o)
 .data          0x0000000000010ba0        0x0 /opt/soft/intelFPGA_lite/20.1/nios2eds/bin/gnu/H-x86_64-pc-linux-gnu/bin/../lib/gcc/nios2-elf/10.1.1/../../../../../H-x86_64-pc-linux-gnu/nios2-elf/lib/pg/libc.a(lib_a-strlen.o)
 .data          0x0000000000010ba0        0x0 /opt/soft/intelFPGA_lite/20.1/nios2eds/bin/gnu/H-x86_64-pc-linux-gnu/bin/../lib/gcc/nios2-elf/10.1.1/../../../../../H-x86_64-pc-linux-gnu/nios2-elf/lib/pg/libc.a(lib_a-vfprintf.o)
 .data          0x0000000000010ba0        0x0 /opt/soft/intelFPGA_lite/20.1/nios2eds/bin/gnu/H-x86_64-pc-linux-gnu/bin/../lib/gcc/nios2-elf/10.1.1/../../../../../H-x86_64-pc-linux-gnu/nios2-elf/lib/pg/libc.a(lib_a-wsetup.o)
 .data          0x0000000000010ba0        0x0 /opt/soft/intelFPGA_lite/20.1/nios2eds/bin/gnu/H-x86_64-pc-linux-gnu/bin/../lib/gcc/nios2-elf/10.1.1/../../../../../H-x86_64-pc-linux-gnu/nios2-elf/lib/pg/libc.a(lib_a-__call_atexit.o)
 .data          0x0000000000010ba0        0x0 /opt/soft/intelFPGA_lite/20.1/nios2eds/bin/gnu/H-x86_64-pc-linux-gnu/bin/../lib/gcc/nios2-elf/10.1.1/../../../../../H-x86_64-pc-linux-gnu/nios2-elf/lib/pg/libc.a(lib_a-dtoa.o)
 .data          0x0000000000010ba0        0x0 /opt/soft/intelFPGA_lite/20.1/nios2eds/bin/gnu/H-x86_64-pc-linux-gnu/bin/../lib/gcc/nios2-elf/10.1.1/../../../../../H-x86_64-pc-linux-gnu/nios2-elf/lib/pg/libc.a(lib_a-fflush.o)
 .data          0x0000000000010ba0        0x0 /opt/soft/intelFPGA_lite/20.1/nios2eds/bin/gnu/H-x86_64-pc-linux-gnu/bin/../lib/gcc/nios2-elf/10.1.1/../../../../../H-x86_64-pc-linux-gnu/nios2-elf/lib/pg/libc.a(lib_a-findfp.o)
 .data          0x0000000000010ba0        0x0 /opt/soft/intelFPGA_lite/20.1/nios2eds/bin/gnu/H-x86_64-pc-linux-gnu/bin/../lib/gcc/nios2-elf/10.1.1/../../../../../H-x86_64-pc-linux-gnu/nios2-elf/lib/pg/libc.a(lib_a-freer.o)
 .data          0x0000000000010ba0        0x0 /opt/soft/intelFPGA_lite/20.1/nios2eds/bin/gnu/H-x86_64-pc-linux-gnu/bin/../lib/gcc/nios2-elf/10.1.1/../../../../../H-x86_64-pc-linux-gnu/nios2-elf/lib/pg/libc.a(lib_a-fvwrite.o)
 .data          0x0000000000010ba0        0x0 /opt/soft/intelFPGA_lite/20.1/nios2eds/bin/gnu/H-x86_64-pc-linux-gnu/bin/../lib/gcc/nios2-elf/10.1.1/../../../../../H-x86_64-pc-linux-gnu/nios2-elf/lib/pg/libc.a(lib_a-fwalk.o)
 .data          0x0000000000010ba0        0x0 /opt/soft/intelFPGA_lite/20.1/nios2eds/bin/gnu/H-x86_64-pc-linux-gnu/bin/../lib/gcc/nios2-elf/10.1.1/../../../../../H-x86_64-pc-linux-gnu/nios2-elf/lib/pg/libc.a(lib_a-localeconv.o)
 .data          0x0000000000010ba0        0x0 /opt/soft/intelFPGA_lite/20.1/nios2eds/bin/gnu/H-x86_64-pc-linux-gnu/bin/../lib/gcc/nios2-elf/10.1.1/../../../../../H-x86_64-pc-linux-gnu/nios2-elf/lib/pg/libc.a(lib_a-makebuf.o)
 .data          0x0000000000010ba0        0x0 /opt/soft/intelFPGA_lite/20.1/nios2eds/bin/gnu/H-x86_64-pc-linux-gnu/bin/../lib/gcc/nios2-elf/10.1.1/../../../../../H-x86_64-pc-linux-gnu/nios2-elf/lib/pg/libc.a(lib_a-mallocr.o)
 .data.__malloc_av_
                0x0000000000010ba0      0x408 /opt/soft/intelFPGA_lite/20.1/nios2eds/bin/gnu/H-x86_64-pc-linux-gnu/bin/../lib/gcc/nios2-elf/10.1.1/../../../../../H-x86_64-pc-linux-gnu/nios2-elf/lib/pg/libc.a(lib_a-mallocr.o)
                0x0000000000010ba0                __malloc_av_
 .data          0x0000000000010fa8        0x0 /opt/soft/intelFPGA_lite/20.1/nios2eds/bin/gnu/H-x86_64-pc-linux-gnu/bin/../lib/gcc/nios2-elf/10.1.1/../../../../../H-x86_64-pc-linux-gnu/nios2-elf/lib/pg/libc.a(lib_a-memchr.o)
 .data          0x0000000000010fa8        0x0 /opt/soft/intelFPGA_lite/20.1/nios2eds/bin/gnu/H-x86_64-pc-linux-gnu/bin/../lib/gcc/nios2-elf/10.1.1/../../../../../H-x86_64-pc-linux-gnu/nios2-elf/lib/pg/libc.a(lib_a-memmove.o)
 .data          0x0000000000010fa8        0x0 /opt/soft/intelFPGA_lite/20.1/nios2eds/bin/gnu/H-x86_64-pc-linux-gnu/bin/../lib/gcc/nios2-elf/10.1.1/../../../../../H-x86_64-pc-linux-gnu/nios2-elf/lib/pg/libc.a(lib_a-memset.o)
 .data          0x0000000000010fa8        0x0 /opt/soft/intelFPGA_lite/20.1/nios2eds/bin/gnu/H-x86_64-pc-linux-gnu/bin/../lib/gcc/nios2-elf/10.1.1/../../../../../H-x86_64-pc-linux-gnu/nios2-elf/lib/pg/libc.a(lib_a-mprec.o)
 .data          0x0000000000010fa8        0x0 /opt/soft/intelFPGA_lite/20.1/nios2eds/bin/gnu/H-x86_64-pc-linux-gnu/bin/../lib/gcc/nios2-elf/10.1.1/../../../../../H-x86_64-pc-linux-gnu/nios2-elf/lib/pg/libc.a(lib_a-reallocr.o)
 .data          0x0000000000010fa8        0x0 /opt/soft/intelFPGA_lite/20.1/nios2eds/bin/gnu/H-x86_64-pc-linux-gnu/bin/../lib/gcc/nios2-elf/10.1.1/../../../../../H-x86_64-pc-linux-gnu/nios2-elf/lib/pg/libc.a(lib_a-sbrkr.o)
 .data          0x0000000000010fa8        0x0 /opt/soft/intelFPGA_lite/20.1/nios2eds/bin/gnu/H-x86_64-pc-linux-gnu/bin/../lib/gcc/nios2-elf/10.1.1/../../../../../H-x86_64-pc-linux-gnu/nios2-elf/lib/pg/libc.a(lib_a-stdio.o)
 .data          0x0000000000010fa8        0x0 /opt/soft/intelFPGA_lite/20.1/nios2eds/bin/gnu/H-x86_64-pc-linux-gnu/bin/../lib/gcc/nios2-elf/10.1.1/../../../../../H-x86_64-pc-linux-gnu/nios2-elf/lib/pg/libc.a(lib_a-vfiprintf.o)
 .data          0x0000000000010fa8        0x0 /opt/soft/intelFPGA_lite/20.1/nios2eds/bin/gnu/H-x86_64-pc-linux-gnu/bin/../lib/gcc/nios2-elf/10.1.1/../../../../../H-x86_64-pc-linux-gnu/nios2-elf/lib/pg/libc.a(lib_a-writer.o)
 .data          0x0000000000010fa8        0x0 /opt/soft/intelFPGA_lite/20.1/nios2eds/bin/gnu/H-x86_64-pc-linux-gnu/bin/../lib/gcc/nios2-elf/10.1.1/../../../../../H-x86_64-pc-linux-gnu/nios2-elf/lib/pg/libc.a(closer.o)
 .data          0x0000000000010fa8        0x0 /opt/soft/intelFPGA_lite/20.1/nios2eds/bin/gnu/H-x86_64-pc-linux-gnu/bin/../lib/gcc/nios2-elf/10.1.1/../../../../../H-x86_64-pc-linux-gnu/nios2-elf/lib/pg/libc.a(lib_a-assert.o)
 .data          0x0000000000010fa8        0x0 /opt/soft/intelFPGA_lite/20.1/nios2eds/bin/gnu/H-x86_64-pc-linux-gnu/bin/../lib/gcc/nios2-elf/10.1.1/../../../../../H-x86_64-pc-linux-gnu/nios2-elf/lib/pg/libc.a(lib_a-callocr.o)
 .data          0x0000000000010fa8        0x0 /opt/soft/intelFPGA_lite/20.1/nios2eds/bin/gnu/H-x86_64-pc-linux-gnu/bin/../lib/gcc/nios2-elf/10.1.1/../../../../../H-x86_64-pc-linux-gnu/nios2-elf/lib/pg/libc.a(lib_a-fclose.o)
 .data          0x0000000000010fa8        0x0 /opt/soft/intelFPGA_lite/20.1/nios2eds/bin/gnu/H-x86_64-pc-linux-gnu/bin/../lib/gcc/nios2-elf/10.1.1/../../../../../H-x86_64-pc-linux-gnu/nios2-elf/lib/pg/libc.a(lib_a-fiprintf.o)
 .data          0x0000000000010fa8        0x0 /opt/soft/intelFPGA_lite/20.1/nios2eds/bin/gnu/H-x86_64-pc-linux-gnu/bin/../lib/gcc/nios2-elf/10.1.1/../../../../../H-x86_64-pc-linux-gnu/nios2-elf/lib/pg/libc.a(lib_a-fputwc.o)
 .data          0x0000000000010fa8        0x0 /opt/soft/intelFPGA_lite/20.1/nios2eds/bin/gnu/H-x86_64-pc-linux-gnu/bin/../lib/gcc/nios2-elf/10.1.1/../../../../../H-x86_64-pc-linux-gnu/nios2-elf/lib/pg/libc.a(lib_a-fstatr.o)
 .data          0x0000000000010fa8        0x0 /opt/soft/intelFPGA_lite/20.1/nios2eds/bin/gnu/H-x86_64-pc-linux-gnu/bin/../lib/gcc/nios2-elf/10.1.1/../../../../../H-x86_64-pc-linux-gnu/nios2-elf/lib/pg/libc.a(lib_a-int_errno.o)
 .data          0x0000000000010fa8        0x0 /opt/soft/intelFPGA_lite/20.1/nios2eds/bin/gnu/H-x86_64-pc-linux-gnu/bin/../lib/gcc/nios2-elf/10.1.1/../../../../../H-x86_64-pc-linux-gnu/nios2-elf/lib/pg/libc.a(lib_a-isattyr.o)
 .data          0x0000000000010fa8        0x0 /opt/soft/intelFPGA_lite/20.1/nios2eds/bin/gnu/H-x86_64-pc-linux-gnu/bin/../lib/gcc/nios2-elf/10.1.1/../../../../../H-x86_64-pc-linux-gnu/nios2-elf/lib/pg/libc.a(lib_a-locale.o)
 .data.__global_locale
                0x0000000000010fa8      0x16c /opt/soft/intelFPGA_lite/20.1/nios2eds/bin/gnu/H-x86_64-pc-linux-gnu/bin/../lib/gcc/nios2-elf/10.1.1/../../../../../H-x86_64-pc-linux-gnu/nios2-elf/lib/pg/libc.a(lib_a-locale.o)
                0x0000000000010fa8                __global_locale
 .data          0x0000000000011114        0x0 /opt/soft/intelFPGA_lite/20.1/nios2eds/bin/gnu/H-x86_64-pc-linux-gnu/bin/../lib/gcc/nios2-elf/10.1.1/../../../../../H-x86_64-pc-linux-gnu/nios2-elf/lib/pg/libc.a(lib_a-lseekr.o)
 .data          0x0000000000011114        0x0 /opt/soft/intelFPGA_lite/20.1/nios2eds/bin/gnu/H-x86_64-pc-linux-gnu/bin/../lib/gcc/nios2-elf/10.1.1/../../../../../H-x86_64-pc-linux-gnu/nios2-elf/lib/pg/libc.a(lib_a-mbtowc_r.o)
 .data          0x0000000000011114        0x0 /opt/soft/intelFPGA_lite/20.1/nios2eds/bin/gnu/H-x86_64-pc-linux-gnu/bin/../lib/gcc/nios2-elf/10.1.1/../../../../../H-x86_64-pc-linux-gnu/nios2-elf/lib/pg/libc.a(lib_a-readr.o)
 .data          0x0000000000011114        0x0 /opt/soft/intelFPGA_lite/20.1/nios2eds/bin/gnu/H-x86_64-pc-linux-gnu/bin/../lib/gcc/nios2-elf/10.1.1/../../../../../H-x86_64-pc-linux-gnu/nios2-elf/lib/pg/libc.a(lib_a-strcmp.o)
 .data          0x0000000000011114        0x0 /opt/soft/intelFPGA_lite/20.1/nios2eds/bin/gnu/H-x86_64-pc-linux-gnu/bin/../lib/gcc/nios2-elf/10.1.1/../../../../../H-x86_64-pc-linux-gnu/nios2-elf/lib/pg/libc.a(lib_a-vfiprintfr_1.o)
 .data          0x0000000000011114        0x0 /opt/soft/intelFPGA_lite/20.1/nios2eds/bin/gnu/H-x86_64-pc-linux-gnu/bin/../lib/gcc/nios2-elf/10.1.1/../../../../../H-x86_64-pc-linux-gnu/nios2-elf/lib/pg/libc.a(lib_a-wbuf.o)
 .data          0x0000000000011114        0x0 /opt/soft/intelFPGA_lite/20.1/nios2eds/bin/gnu/H-x86_64-pc-linux-gnu/bin/../lib/gcc/nios2-elf/10.1.1/../../../../../H-x86_64-pc-linux-gnu/nios2-elf/lib/pg/libc.a(lib_a-wcrtomb.o)
 .data          0x0000000000011114        0x0 /opt/soft/intelFPGA_lite/20.1/nios2eds/bin/gnu/H-x86_64-pc-linux-gnu/bin/../lib/gcc/nios2-elf/10.1.1/../../../../../H-x86_64-pc-linux-gnu/nios2-elf/lib/pg/libc.a(lib_a-wctomb_r.o)
 .data          0x0000000000011114        0x0 /opt/soft/intelFPGA_lite/20.1/nios2eds/bin/gnu/H-x86_64-pc-linux-gnu/bin/../lib/gcc/nios2-elf/10.1.1/../../../../../H-x86_64-pc-linux-gnu/nios2-elf/lib/pg/libc.a(lib_a-abort.o)
 .data          0x0000000000011114        0x0 /opt/soft/intelFPGA_lite/20.1/nios2eds/bin/gnu/H-x86_64-pc-linux-gnu/bin/../lib/gcc/nios2-elf/10.1.1/../../../../../H-x86_64-pc-linux-gnu/nios2-elf/lib/pg/libc.a(lib_a-ctype_.o)
 .data          0x0000000000011114        0x0 /opt/soft/intelFPGA_lite/20.1/nios2eds/bin/gnu/H-x86_64-pc-linux-gnu/bin/../lib/gcc/nios2-elf/10.1.1/../../../../../H-x86_64-pc-linux-gnu/nios2-elf/lib/pg/libc.a(lib_a-signal.o)
 .data          0x0000000000011114        0x0 /opt/soft/intelFPGA_lite/20.1/nios2eds/bin/gnu/H-x86_64-pc-linux-gnu/bin/../lib/gcc/nios2-elf/10.1.1/../../../../../H-x86_64-pc-linux-gnu/nios2-elf/lib/pg/libc.a(lib_a-signalr.o)
 .data          0x0000000000011114        0x0 /opt/soft/intelFPGA_lite/20.1/nios2eds/bin/gnu/H-x86_64-pc-linux-gnu/bin/../lib/gcc/nios2-elf/10.1.1/pg/libgcc.a(_udivdi3.o)
 .data          0x0000000000011114        0x0 /opt/soft/intelFPGA_lite/20.1/nios2eds/bin/gnu/H-x86_64-pc-linux-gnu/bin/../lib/gcc/nios2-elf/10.1.1/pg/libgcc.a(_umoddi3.o)
 .data          0x0000000000011114        0x0 /opt/soft/intelFPGA_lite/20.1/nios2eds/bin/gnu/H-x86_64-pc-linux-gnu/bin/../lib/gcc/nios2-elf/10.1.1/pg/libgcc.a(lib2-divmod.o)
 .data          0x0000000000011114        0x0 /opt/soft/intelFPGA_lite/20.1/nios2eds/bin/gnu/H-x86_64-pc-linux-gnu/bin/../lib/gcc/nios2-elf/10.1.1/pg/libgcc.a(adddf3.o)
 .data          0x0000000000011114        0x0 /opt/soft/intelFPGA_lite/20.1/nios2eds/bin/gnu/H-x86_64-pc-linux-gnu/bin/../lib/gcc/nios2-elf/10.1.1/pg/libgcc.a(divdf3.o)
 .data          0x0000000000011114        0x0 /opt/soft/intelFPGA_lite/20.1/nios2eds/bin/gnu/H-x86_64-pc-linux-gnu/bin/../lib/gcc/nios2-elf/10.1.1/pg/libgcc.a(eqdf2.o)
 .data          0x0000000000011114        0x0 /opt/soft/intelFPGA_lite/20.1/nios2eds/bin/gnu/H-x86_64-pc-linux-gnu/bin/../lib/gcc/nios2-elf/10.1.1/pg/libgcc.a(gedf2.o)
 .data          0x0000000000011114        0x0 /opt/soft/intelFPGA_lite/20.1/nios2eds/bin/gnu/H-x86_64-pc-linux-gnu/bin/../lib/gcc/nios2-elf/10.1.1/pg/libgcc.a(ledf2.o)
 .data          0x0000000000011114        0x0 /opt/soft/intelFPGA_lite/20.1/nios2eds/bin/gnu/H-x86_64-pc-linux-gnu/bin/../lib/gcc/nios2-elf/10.1.1/pg/libgcc.a(muldf3.o)
 .data          0x0000000000011114        0x0 /opt/soft/intelFPGA_lite/20.1/nios2eds/bin/gnu/H-x86_64-pc-linux-gnu/bin/../lib/gcc/nios2-elf/10.1.1/pg/libgcc.a(subdf3.o)
 .data          0x0000000000011114        0x0 /opt/soft/intelFPGA_lite/20.1/nios2eds/bin/gnu/H-x86_64-pc-linux-gnu/bin/../lib/gcc/nios2-elf/10.1.1/pg/libgcc.a(unorddf2.o)
 .data          0x0000000000011114        0x0 /opt/soft/intelFPGA_lite/20.1/nios2eds/bin/gnu/H-x86_64-pc-linux-gnu/bin/../lib/gcc/nios2-elf/10.1.1/pg/libgcc.a(fixdfsi.o)
 .data          0x0000000000011114        0x0 /opt/soft/intelFPGA_lite/20.1/nios2eds/bin/gnu/H-x86_64-pc-linux-gnu/bin/../lib/gcc/nios2-elf/10.1.1/pg/libgcc.a(floatsidf.o)
 .data          0x0000000000011114        0x0 /opt/soft/intelFPGA_lite/20.1/nios2eds/bin/gnu/H-x86_64-pc-linux-gnu/bin/../lib/gcc/nios2-elf/10.1.1/pg/libgcc.a(floatunsidf.o)
 .data          0x0000000000011114        0x0 /opt/soft/intelFPGA_lite/20.1/nios2eds/bin/gnu/H-x86_64-pc-linux-gnu/bin/../lib/gcc/nios2-elf/10.1.1/pg/libgcc.a(_clz.o)
 .data          0x0000000000011114        0x0 /opt/soft/intelFPGA_lite/20.1/nios2eds/bin/gnu/H-x86_64-pc-linux-gnu/bin/../lib/gcc/nios2-elf/10.1.1/pg/libgcc.a(_clzsi2.o)
 .data          0x0000000000011114        0x0 ../niosII_training_bsp//libhal_bsp.a(alt_close.o)
 .data          0x0000000000011114        0x0 ../niosII_training_bsp//libhal_bsp.a(alt_dcache_flush_all.o)
 .data          0x0000000000011114      0x1a8 ../niosII_training_bsp//libhal_bsp.a(alt_dev.o)
                0x0000000000011114                alt_fd_list
                0x0000000000011294                alt_dev_null
 .data          0x00000000000112bc        0x0 ../niosII_training_bsp//libhal_bsp.a(alt_errno.o)
 .data          0x00000000000112bc        0x0 ../niosII_training_bsp//libhal_bsp.a(alt_exit.o)
 .data          0x00000000000112bc        0x0 ../niosII_training_bsp//libhal_bsp.a(alt_fstat.o)
 .data          0x00000000000112bc        0x0 ../niosII_training_bsp//libhal_bsp.a(alt_getpid.o)
 .data          0x00000000000112bc       0x24 ../niosII_training_bsp//libhal_bsp.a(alt_gmon.o)
                0x00000000000112bc                alt_gmon_data
 .data          0x00000000000112e0        0x0 ../niosII_training_bsp//libhal_bsp.a(alt_icache_flush_all.o)
 .data          0x00000000000112e0        0x0 ../niosII_training_bsp//libhal_bsp.a(alt_iic.o)
 .data          0x00000000000112e0        0x0 ../niosII_training_bsp//libhal_bsp.a(alt_iic_isr_register.o)
 .data          0x00000000000112e0        0x0 ../niosII_training_bsp//libhal_bsp.a(alt_irq_entry.o)
 .data          0x00000000000112e0        0x0 ../niosII_training_bsp//libhal_bsp.a(alt_irq_handler.o)
 .data          0x00000000000112e0        0x0 ../niosII_training_bsp//libhal_bsp.a(alt_irq_vars.o)
 .data          0x00000000000112e0        0x0 ../niosII_training_bsp//libhal_bsp.a(alt_isatty.o)
 .data          0x00000000000112e0        0x0 ../niosII_training_bsp//libhal_bsp.a(alt_kill.o)
 .data          0x00000000000112e0        0x0 ../niosII_training_bsp//libhal_bsp.a(alt_lseek.o)
 .data          0x00000000000112e0        0x0 ../niosII_training_bsp//libhal_bsp.a(alt_main.o)
 .data          0x00000000000112e0        0x0 ../niosII_training_bsp//libhal_bsp.a(alt_malloc_lock.o)
 .data          0x00000000000112e0        0x0 ../niosII_training_bsp//libhal_bsp.a(alt_mcount.o)
 .data          0x00000000000112e0        0x0 ../niosII_training_bsp//libhal_bsp.a(alt_read.o)
 .data          0x00000000000112e0        0x0 ../niosII_training_bsp//libhal_bsp.a(alt_release_fd.o)
 .data          0x00000000000112e0        0x0 ../niosII_training_bsp//libhal_bsp.a(alt_sbrk.o)
 .data          0x00000000000112e0        0x0 ../niosII_training_bsp//libhal_bsp.a(alt_tick.o)
 .data          0x00000000000112e0        0x0 ../niosII_training_bsp//libhal_bsp.a(alt_write.o)
 .data          0x00000000000112e0     0x1060 ../niosII_training_bsp//libhal_bsp.a(alt_sys_init.o)
 .data          0x0000000000012340        0x0 ../niosII_training_bsp//libhal_bsp.a(altera_avalon_jtag_uart_fd.o)
 .data          0x0000000000012340        0x0 ../niosII_training_bsp//libhal_bsp.a(altera_avalon_jtag_uart_init.o)
 .data          0x0000000000012340        0x0 ../niosII_training_bsp//libhal_bsp.a(altera_avalon_jtag_uart_ioctl.o)
 .data          0x0000000000012340        0x0 ../niosII_training_bsp//libhal_bsp.a(altera_avalon_jtag_uart_read.o)
 .data          0x0000000000012340        0x0 ../niosII_training_bsp//libhal_bsp.a(altera_avalon_jtag_uart_write.o)
 .data          0x0000000000012340        0x0 ../niosII_training_bsp//libhal_bsp.a(altera_avalon_timer_sc.o)
 .data          0x0000000000012340        0x0 ../niosII_training_bsp//libhal_bsp.a(perf_print_formatted_report.o)
 .data          0x0000000000012340        0x0 ../niosII_training_bsp//libhal_bsp.a(alt_alarm_start.o)
 .data          0x0000000000012340        0x0 ../niosII_training_bsp//libhal_bsp.a(alt_dev_llist_insert.o)